../Drivers/STM32F4xx_HAL_Driver/Inc/stm32f4xx_ll_tim.h:1116:22:LL_TIM_EnableCounter	1
../Drivers/STM32F4xx_HAL_Driver/Inc/stm32f4xx_ll_tim.h:3460:22:LL_TIM_EnableIT_UPDATE	1
../Drivers/STM32F4xx_HAL_Driver/Inc/stm32f4xx_ll_usart.h:2035:22:LL_USART_EnableIT_RXNE	2
../Drivers/STM32F4xx_HAL_Driver/Inc/stm32f4xx_ll_gpio.h:939:22:LL_GPIO_TogglePin	1
../Core/Src/main.c:87:5:main	5
../Core/Src/main.c:173:6:SystemClock_Config	3
../Core/Src/main.c:216:6:HAL_CAN_RxFifo1MsgPendingCallback	3
../Core/Src/main.c:233:10:servo_control	2
../Core/Src/main.c:241:7:Distance_To_Omega	1
../Core/Src/main.c:252:6:Error_Handler	1
