Archive member included to satisfy reference by file (symbol)

D:/ST/STM32CubeIDE_1.18.1/STM32CubeIDE/plugins/com.st.stm32cube.ide.mcu.externaltools.gnu-tools-for-stm32.13.3.rel1.win32_1.0.0.202411081344/tools/bin/../lib/gcc/arm-none-eabi/13.3.1/../../../../arm-none-eabi/lib/thumb/v7e-m+fp/hard\libc_nano.a(libc_a-exit.o)
                              D:/ST/STM32CubeIDE_1.18.1/STM32CubeIDE/plugins/com.st.stm32cube.ide.mcu.externaltools.gnu-tools-for-stm32.13.3.rel1.win32_1.0.0.202411081344/tools/bin/../lib/gcc/arm-none-eabi/13.3.1/../../../../arm-none-eabi/lib/thumb/v7e-m+fp/hard/crt0.o (exit)
D:/ST/STM32CubeIDE_1.18.1/STM32CubeIDE/plugins/com.st.stm32cube.ide.mcu.externaltools.gnu-tools-for-stm32.13.3.rel1.win32_1.0.0.202411081344/tools/bin/../lib/gcc/arm-none-eabi/13.3.1/../../../../arm-none-eabi/lib/thumb/v7e-m+fp/hard\libc_nano.a(libc_a-findfp.o)
                              D:/ST/STM32CubeIDE_1.18.1/STM32CubeIDE/plugins/com.st.stm32cube.ide.mcu.externaltools.gnu-tools-for-stm32.13.3.rel1.win32_1.0.0.202411081344/tools/bin/../lib/gcc/arm-none-eabi/13.3.1/../../../../arm-none-eabi/lib/thumb/v7e-m+fp/hard\libc_nano.a(libc_a-exit.o) (__stdio_exit_handler)
D:/ST/STM32CubeIDE_1.18.1/STM32CubeIDE/plugins/com.st.stm32cube.ide.mcu.externaltools.gnu-tools-for-stm32.13.3.rel1.win32_1.0.0.202411081344/tools/bin/../lib/gcc/arm-none-eabi/13.3.1/../../../../arm-none-eabi/lib/thumb/v7e-m+fp/hard\libc_nano.a(libc_a-fwalk.o)
                              D:/ST/STM32CubeIDE_1.18.1/STM32CubeIDE/plugins/com.st.stm32cube.ide.mcu.externaltools.gnu-tools-for-stm32.13.3.rel1.win32_1.0.0.202411081344/tools/bin/../lib/gcc/arm-none-eabi/13.3.1/../../../../arm-none-eabi/lib/thumb/v7e-m+fp/hard\libc_nano.a(libc_a-findfp.o) (_fwalk_sglue)
D:/ST/STM32CubeIDE_1.18.1/STM32CubeIDE/plugins/com.st.stm32cube.ide.mcu.externaltools.gnu-tools-for-stm32.13.3.rel1.win32_1.0.0.202411081344/tools/bin/../lib/gcc/arm-none-eabi/13.3.1/../../../../arm-none-eabi/lib/thumb/v7e-m+fp/hard\libc_nano.a(libc_a-stdio.o)
                              D:/ST/STM32CubeIDE_1.18.1/STM32CubeIDE/plugins/com.st.stm32cube.ide.mcu.externaltools.gnu-tools-for-stm32.13.3.rel1.win32_1.0.0.202411081344/tools/bin/../lib/gcc/arm-none-eabi/13.3.1/../../../../arm-none-eabi/lib/thumb/v7e-m+fp/hard\libc_nano.a(libc_a-findfp.o) (__sread)
D:/ST/STM32CubeIDE_1.18.1/STM32CubeIDE/plugins/com.st.stm32cube.ide.mcu.externaltools.gnu-tools-for-stm32.13.3.rel1.win32_1.0.0.202411081344/tools/bin/../lib/gcc/arm-none-eabi/13.3.1/../../../../arm-none-eabi/lib/thumb/v7e-m+fp/hard\libc_nano.a(libc_a-memset.o)
                              D:/ST/STM32CubeIDE_1.18.1/STM32CubeIDE/plugins/com.st.stm32cube.ide.mcu.externaltools.gnu-tools-for-stm32.13.3.rel1.win32_1.0.0.202411081344/tools/bin/../lib/gcc/arm-none-eabi/13.3.1/../../../../arm-none-eabi/lib/thumb/v7e-m+fp/hard/crt0.o (memset)
D:/ST/STM32CubeIDE_1.18.1/STM32CubeIDE/plugins/com.st.stm32cube.ide.mcu.externaltools.gnu-tools-for-stm32.13.3.rel1.win32_1.0.0.202411081344/tools/bin/../lib/gcc/arm-none-eabi/13.3.1/../../../../arm-none-eabi/lib/thumb/v7e-m+fp/hard\libc_nano.a(libc_a-closer.o)
                              D:/ST/STM32CubeIDE_1.18.1/STM32CubeIDE/plugins/com.st.stm32cube.ide.mcu.externaltools.gnu-tools-for-stm32.13.3.rel1.win32_1.0.0.202411081344/tools/bin/../lib/gcc/arm-none-eabi/13.3.1/../../../../arm-none-eabi/lib/thumb/v7e-m+fp/hard\libc_nano.a(libc_a-stdio.o) (_close_r)
D:/ST/STM32CubeIDE_1.18.1/STM32CubeIDE/plugins/com.st.stm32cube.ide.mcu.externaltools.gnu-tools-for-stm32.13.3.rel1.win32_1.0.0.202411081344/tools/bin/../lib/gcc/arm-none-eabi/13.3.1/../../../../arm-none-eabi/lib/thumb/v7e-m+fp/hard\libc_nano.a(libc_a-reent.o)
                              D:/ST/STM32CubeIDE_1.18.1/STM32CubeIDE/plugins/com.st.stm32cube.ide.mcu.externaltools.gnu-tools-for-stm32.13.3.rel1.win32_1.0.0.202411081344/tools/bin/../lib/gcc/arm-none-eabi/13.3.1/../../../../arm-none-eabi/lib/thumb/v7e-m+fp/hard\libc_nano.a(libc_a-closer.o) (errno)
D:/ST/STM32CubeIDE_1.18.1/STM32CubeIDE/plugins/com.st.stm32cube.ide.mcu.externaltools.gnu-tools-for-stm32.13.3.rel1.win32_1.0.0.202411081344/tools/bin/../lib/gcc/arm-none-eabi/13.3.1/../../../../arm-none-eabi/lib/thumb/v7e-m+fp/hard\libc_nano.a(libc_a-impure.o)
                              D:/ST/STM32CubeIDE_1.18.1/STM32CubeIDE/plugins/com.st.stm32cube.ide.mcu.externaltools.gnu-tools-for-stm32.13.3.rel1.win32_1.0.0.202411081344/tools/bin/../lib/gcc/arm-none-eabi/13.3.1/../../../../arm-none-eabi/lib/thumb/v7e-m+fp/hard\libc_nano.a(libc_a-reent.o) (_impure_ptr)
D:/ST/STM32CubeIDE_1.18.1/STM32CubeIDE/plugins/com.st.stm32cube.ide.mcu.externaltools.gnu-tools-for-stm32.13.3.rel1.win32_1.0.0.202411081344/tools/bin/../lib/gcc/arm-none-eabi/13.3.1/../../../../arm-none-eabi/lib/thumb/v7e-m+fp/hard\libc_nano.a(libc_a-lseekr.o)
[...]
Memory Configuration

Name             Origin             Length             Attributes
CCMRAM           0x10000000         0x00010000         xrw
RAM              0x20000000         0x00020000         xrw
FLASH            0x08000000         0x00100000         xr
*default*        0x00000000         0xffffffff

Linker script and memory map

LOAD D:/ST/STM32CubeIDE_1.18.1/STM32CubeIDE/plugins/com.st.stm32cube.ide.mcu.externaltools.gnu-tools-for-stm32.13.3.rel1.win32_1.0.0.202411081344/tools/bin/../lib/gcc/arm-none-eabi/13.3.1/thumb/v7e-m+fp/hard/crti.o
LOAD D:/ST/STM32CubeIDE_1.18.1/STM32CubeIDE/plugins/com.st.stm32cube.ide.mcu.externaltools.gnu-tools-for-stm32.13.3.rel1.win32_1.0.0.202411081344/tools/bin/../lib/gcc/arm-none-eabi/13.3.1/thumb/v7e-m+fp/hard/crtbegin.o
LOAD D:/ST/STM32CubeIDE_1.18.1/STM32CubeIDE/plugins/com.st.stm32cube.ide.mcu.externaltools.gnu-tools-for-stm32.13.3.rel1.win32_1.0.0.202411081344/tools/bin/../lib/gcc/arm-none-eabi/13.3.1/../../../../arm-none-eabi/lib/thumb/v7e-m+fp/hard/crt0.o
LOAD ./Core/Src/FS-iA6B.o
LOAD ./Core/Src/can.o
LOAD ./Core/Src/gpio.o
LOAD ./Core/Src/main.o
LOAD ./Core/Src/stm32f4xx_hal_msp.o
LOAD ./Core/Src/stm32f4xx_it.o
LOAD ./Core/Src/syscalls.o
LOAD ./Core/Src/sysmem.o
LOAD ./Core/Src/system_stm32f4xx.o
LOAD ./Core/Src/tim.o
LOAD ./Core/Src/usart.o
LOAD ./Core/Startup/startup_stm32f407vgtx.o
LOAD ./Drivers/STM32F4xx_HAL_Driver/Src/stm32f4xx_hal.o
LOAD ./Drivers/STM32F4xx_HAL_Driver/Src/stm32f4xx_hal_can.o
LOAD ./Drivers/STM32F4xx_HAL_Driver/Src/stm32f4xx_hal_cortex.o
LOAD ./Drivers/STM32F4xx_HAL_Driver/Src/stm32f4xx_hal_dma.o
LOAD ./Drivers/STM32F4xx_HAL_Driver/Src/stm32f4xx_hal_dma_ex.o
LOAD ./Drivers/STM32F4xx_HAL_Driver/Src/stm32f4xx_hal_exti.o
LOAD ./Drivers/STM32F4xx_HAL_Driver/Src/stm32f4xx_hal_flash.o
LOAD ./Drivers/STM32F4xx_HAL_Driver/Src/stm32f4xx_hal_flash_ex.o
LOAD ./Drivers/STM32F4xx_HAL_Driver/Src/stm32f4xx_hal_flash_ramfunc.o
LOAD ./Drivers/STM32F4xx_HAL_Driver/Src/stm32f4xx_hal_gpio.o
LOAD ./Drivers/STM32F4xx_HAL_Driver/Src/stm32f4xx_hal_pwr.o
LOAD ./Drivers/STM32F4xx_HAL_Driver/Src/stm32f4xx_hal_pwr_ex.o
LOAD ./Drivers/STM32F4xx_HAL_Driver/Src/stm32f4xx_hal_rcc.o
LOAD ./Drivers/STM32F4xx_HAL_Driver/Src/stm32f4xx_hal_rcc_ex.o
LOAD ./Drivers/STM32F4xx_HAL_Driver/Src/stm32f4xx_hal_tim.o
LOAD ./Drivers/STM32F4xx_HAL_Driver/Src/stm32f4xx_hal_tim_ex.o
LOAD ./Drivers/STM32F4xx_HAL_Driver/Src/stm32f4xx_ll_dma.o
LOAD ./Drivers/STM32F4xx_HAL_Driver/Src/stm32f4xx_ll_exti.o
LOAD ./Drivers/STM32F4xx_HAL_Driver/Src/stm32f4xx_ll_gpio.o
LOAD ./Drivers/STM32F4xx_HAL_Driver/Src/stm32f4xx_ll_rcc.o
LOAD ./Drivers/STM32F4xx_HAL_Driver/Src/stm32f4xx_ll_usart.o
LOAD ./Drivers/STM32F4xx_HAL_Driver/Src/stm32f4xx_ll_utils.o
START GROUP
LOAD D:/ST/STM32CubeIDE_1.18.1/STM32CubeIDE/plugins/com.st.stm32cube.ide.mcu.externaltools.gnu-tools-for-stm32.13.3.rel1.win32_1.0.0.202411081344/tools/bin/../lib/gcc/arm-none-eabi/13.3.1/../../../../arm-none-eabi/lib/thumb/v7e-m+fp/hard\libc_nano.a
LOAD D:/ST/STM32CubeIDE_1.18.1/STM32CubeIDE/plugins/com.st.stm32cube.ide.mcu.externaltools.gnu-tools-for-stm32.13.3.rel1.win32_1.0.0.202411081344/tools/bin/../lib/gcc/arm-none-eabi/13.3.1/../../../../arm-none-eabi/lib/thumb/v7e-m+fp/hard\libm.a
END GROUP
START GROUP
LOAD D:/ST/STM32CubeIDE_1.18.1/STM32CubeIDE/plugins/com.st.stm32cube.ide.mcu.externaltools.gnu-tools-for-stm32.13.3.rel1.win32_1.0.0.202411081344/tools/bin/../lib/gcc/arm-none-eabi/13.3.1/thumb/v7e-m+fp/hard\libgcc.a
LOAD D:/ST/STM32CubeIDE_1.18.1/STM32CubeIDE/plugins/com.st.stm32cube.ide.mcu.externaltools.gnu-tools-for-stm32.13.3.rel1.win32_1.0.0.202411081344/tools/bin/../lib/gcc/arm-none-eabi/13.3.1/../../../../arm-none-eabi/lib/thumb/v7e-m+fp/hard\libc_nano.a
END GROUP
START GROUP
LOAD D:/ST/STM32CubeIDE_1.18.1/STM32CubeIDE/plugins/com.st.stm32cube.ide.mcu.externaltools.gnu-tools-for-stm32.13.3.rel1.win32_1.0.0.202411081344/tools/bin/../lib/gcc/arm-none-eabi/13.3.1/thumb/v7e-m+fp/hard\libgcc.a
LOAD D:/ST/STM32CubeIDE_1.18.1/STM32CubeIDE/plugins/com.st.stm32cube.ide.mcu.externaltools.gnu-tools-for-stm32.13.3.rel1.win32_1.0.0.202411081344/tools/bin/../lib/gcc/arm-none-eabi/13.3.1/../../../../arm-none-eabi/lib/thumb/v7e-m+fp/hard\libc_nano.a
LOAD D:/ST/STM32CubeIDE_1.18.1/STM32CubeIDE/plugins/com.st.stm32cube.ide.mcu.externaltools.gnu-tools-for-stm32.13.3.rel1.win32_1.0.0.202411081344/tools/bin/../lib/gcc/arm-none-eabi/13.3.1/../../../../arm-none-eabi/lib/thumb/v7e-m+fp/hard\libnosys.a
END GROUP
START GROUP
LOAD D:/ST/STM32CubeIDE_1.18.1/STM32CubeIDE/plugins/com.st.stm32cube.ide.mcu.externaltools.gnu-tools-for-stm32.13.3.rel1.win32_1.0.0.202411081344/tools/bin/../lib/gcc/arm-none-eabi/13.3.1/thumb/v7e-m+fp/hard\libgcc.a
LOAD D:/ST/STM32CubeIDE_1.18.1/STM32CubeIDE/plugins/com.st.stm32cube.ide.mcu.externaltools.gnu-tools-for-stm32.13.3.rel1.win32_1.0.0.202411081344/tools/bin/../lib/gcc/arm-none-eabi/13.3.1/../../../../arm-none-eabi/lib/thumb/v7e-m+fp/hard\libc_nano.a
LOAD D:/ST/STM32CubeIDE_1.18.1/STM32CubeIDE/plugins/com.st.stm32cube.ide.mcu.externaltools.gnu-tools-for-stm32.13.3.rel1.win32_1.0.0.202411081344/tools/bin/../lib/gcc/arm-none-eabi/13.3.1/../../../../arm-none-eabi/lib/thumb/v7e-m+fp/hard\libnosys.a
END GROUP
LOAD D:/ST/STM32CubeIDE_1.18.1/STM32CubeIDE/plugins/com.st.stm32cube.ide.mcu.externaltools.gnu-tools-for-stm32.13.3.rel1.win32_1.0.0.202411081344/tools/bin/../lib/gcc/arm-none-eabi/13.3.1/thumb/v7e-m+fp/hard/crtend.o
LOAD D:/ST/STM32CubeIDE_1.18.1/STM32CubeIDE/plugins/com.st.stm32cube.ide.mcu.externaltools.gnu-tools-for-stm32.13.3.rel1.win32_1.0.0.202411081344/tools/bin/../lib/gcc/arm-none-eabi/13.3.1/thumb/v7e-m+fp/hard/crtn.o
                0x20020000                        _estack = (ORIGIN (RAM) + LENGTH (RAM))
                0x00000200                        _Min_Heap_Size = 0x200
                0x00000400                        _Min_Stack_Size = 0x400

.isr_vector     0x08000000      0x188
                0x08000000                        . = ALIGN (0x4)
 *(.isr_vector)
 .isr_vector    0x08000000      0x188 ./Core/Startup/startup_stm32f407vgtx.o
                0x08000000                g_pfnVectors
                0x08000188                        . = ALIGN (0x4)

.text           0x08000188     0x3aec
                0x08000188                        . = ALIGN (0x4)
 *(.text)
 .text          0x08000188       0x40 D:/ST/STM32CubeIDE_1.18.1/STM32CubeIDE/plugins/com.st.stm32cube.ide.mcu.externaltools.gnu-tools-for-stm32.13.3.rel1.win32_1.0.0.202411081344/tools/bin/../lib/gcc/arm-none-eabi/13.3.1/thumb/v7e-m+fp/hard/crtbegin.o
 .text          0x080001c8       0x30 D:/ST/STM32CubeIDE_1.18.1/STM32CubeIDE/plugins/com.st.stm32cube.ide.mcu.externaltools.gnu-tools-for-stm32.13.3.rel1.win32_1.0.0.202411081344/tools/bin/../lib/gcc/arm-none-eabi/13.3.1/thumb/v7e-m+fp/hard\libgcc.a(_aeabi_uldivmod.o)
                0x080001c8                __aeabi_uldivmod
 .text          0x080001f8      0x2f8 D:/ST/STM32CubeIDE_1.18.1/STM32CubeIDE/plugins/com.st.stm32cube.ide.mcu.externaltools.gnu-tools-for-stm32.13.3.rel1.win32_1.0.0.202411081344/tools/bin/../lib/gcc/arm-none-eabi/13.3.1/thumb/v7e-m+fp/hard\libgcc.a(_udivmoddi4.o)
                0x080001f8                __udivmoddi4
 .text          0x080004f0        0x4 D:/ST/STM32CubeIDE_1.18.1/STM32CubeIDE/plugins/com.st.stm32cube.ide.mcu.externaltools.gnu-tools-for-stm32.13.3.rel1.win32_1.0.0.202411081344/tools/bin/../lib/gcc/arm-none-eabi/13.3.1/thumb/v7e-m+fp/hard\libgcc.a(_dvmd_tls.o)
                0x080004f0                __aeabi_idiv0
                0x080004f0                __aeabi_ldiv0
 *(.text*)
 .text.iBus_Check_CHKSUM
                0x080004f4       0x6a ./Core/Src/FS-iA6B.o
                0x080004f4                iBus_Check_CHKSUM
 .text.iBus_Parsing
                0x0800055e      0x120 ./Core/Src/FS-iA6B.o
                0x0800055e                iBus_Parsing
 *fill*         0x0800067e        0x2 
 .text.MX_CAN1_Init
                0x08000680       0x6c ./Core/Src/can.o
                0x08000680                MX_CAN1_Init
 .text.HAL_CAN_MspInit
                0x080006ec       0x90 ./Core/Src/can.o
                0x080006ec                HAL_CAN_MspInit
 .text.LL_AHB1_GRP1_EnableClock
                0x0800077c       0x30 ./Core/Src/gpio.o
 .text.MX_GPIO_Init
                0x080007ac       0x26 ./Core/Src/gpio.o
                0x080007ac                MX_GPIO_Init
 .text.LL_USART_EnableIT_RXNE
                0x080007d2       0x46 ./Core/Src/main.o
 .text.main     0x08000818      0x204 ./Core/Src/main.o
                0x08000818                main
 .text.SystemClock_Config
                0x08000a1c       0xd4 ./Core/Src/main.o
                0x08000a1c                SystemClock_Config
 .text.Error_Handler
                0x08000af0        0xc ./Core/Src/main.o
                0x08000af0                Error_Handler
 .text.HAL_MspInit
                0x08000afc       0x50 ./Core/Src/stm32f4xx_hal_msp.o
                0x08000afc                HAL_MspInit
 .text.LL_USART_IsActiveFlag_RXNE
                0x08000b4c       0x26 ./Core/Src/stm32f4xx_it.o
 .text.LL_USART_ClearFlag_RXNE
                0x08000b72       0x1c ./Core/Src/stm32f4xx_it.o
 .text.LL_USART_ReceiveData8
                0x08000b8e       0x1a ./Core/Src/stm32f4xx_it.o
 .text.NMI_Handler
                0x08000ba8        0x8 ./Core/Src/stm32f4xx_it.o
                0x08000ba8                NMI_Handler
 .text.HardFault_Handler
                0x08000bb0        0x8 ./Core/Src/stm32f4xx_it.o
                0x08000bb0                HardFault_Handler
 .text.MemManage_Handler
                0x08000bb8        0x8 ./Core/Src/stm32f4xx_it.o
                0x08000bb8                MemManage_Handler
 .text.BusFault_Handler
                0x08000bc0        0x8 ./Core/Src/stm32f4xx_it.o
                0x08000bc0                BusFault_Handler
 .text.UsageFault_Handler
                0x08000bc8        0x8 ./Core/Src/stm32f4xx_it.o
                0x08000bc8                UsageFault_Handler
 .text.SVC_Handler
                0x08000bd0        0xe ./Core/Src/stm32f4xx_it.o
                0x08000bd0                SVC_Handler
 .text.DebugMon_Handler
                0x08000bde        0xe ./Core/Src/stm32f4xx_it.o
                0x08000bde                DebugMon_Handler
 .text.PendSV_Handler
                0x08000bec        0xe ./Core/Src/stm32f4xx_it.o
                0x08000bec                PendSV_Handler
 .text.SysTick_Handler
                0x08000bfa        0xc ./Core/Src/stm32f4xx_it.o
                0x08000bfa                SysTick_Handler
 *fill*         0x08000c06        0x2 
 .text.UART5_IRQHandler
                0x08000c08       0xe8 ./Core/Src/stm32f4xx_it.o
                0x08000c08                UART5_IRQHandler
 .text.SystemInit
                0x08000cf0       0x24 ./Core/Src/system_stm32f4xx.o
                0x08000cf0                SystemInit
 .text.MX_TIM4_Init
                0x08000d14      0x104 ./Core/Src/tim.o
                0x08000d14                MX_TIM4_Init
 .text.HAL_TIM_Base_MspInit
                0x08000e18       0x44 ./Core/Src/tim.o
                0x08000e18                HAL_TIM_Base_MspInit
 .text.HAL_TIM_MspPostInit
                0x08000e5c       0x74 ./Core/Src/tim.o
                0x08000e5c                HAL_TIM_MspPostInit
 .text.__NVIC_GetPriorityGrouping
                0x08000ed0       0x1c ./Core/Src/usart.o
 .text.__NVIC_EnableIRQ
                0x08000eec       0x3c ./Core/Src/usart.o
 .text.__NVIC_SetPriority
                0x08000f28       0x54 ./Core/Src/usart.o
 .text.NVIC_EncodePriority
                0x08000f7c       0x66 ./Core/Src/usart.o
 .text.LL_USART_Enable
                0x08000fe2       0x20 ./Core/Src/usart.o
 .text.LL_USART_ConfigAsyncMode
                0x08001002       0x2c ./Core/Src/usart.o
 *fill*         0x0800102e        0x2 
 .text.LL_AHB1_GRP1_EnableClock
                0x08001030       0x30 ./Core/Src/usart.o
 .text.LL_APB1_GRP1_EnableClock
                0x08001060       0x30 ./Core/Src/usart.o
 .text.MX_UART5_Init
                0x08001090       0xf0 ./Core/Src/usart.o
                0x08001090                MX_UART5_Init
 .text.Reset_Handler
                0x08001180       0x50 ./Core/Startup/startup_stm32f407vgtx.o
                0x08001180                Reset_Handler
 .text.Default_Handler
                0x080011d0        0x2 ./Core/Startup/startup_stm32f407vgtx.o
                0x080011d0                RTC_Alarm_IRQHandler
                0x080011d0                HASH_RNG_IRQHandler
                0x080011d0                EXTI2_IRQHandler
                0x080011d0                TIM8_CC_IRQHandler
                0x080011d0                TIM1_CC_IRQHandler
                0x080011d0                DMA2_Stream5_IRQHandler
                0x080011d0                DMA1_Stream5_IRQHandler
                0x080011d0                PVD_IRQHandler
                0x080011d0                SDIO_IRQHandler
                0x080011d0                TAMP_STAMP_IRQHandler
                0x080011d0                CAN2_RX1_IRQHandler
                0x080011d0                EXTI3_IRQHandler
                0x080011d0                TIM8_TRG_COM_TIM14_IRQHandler
                0x080011d0                TIM1_UP_TIM10_IRQHandler
                0x080011d0                TIM8_UP_TIM13_IRQHandler
                0x080011d0                I2C3_ER_IRQHandler
                0x080011d0                EXTI0_IRQHandler
                0x080011d0                I2C2_EV_IRQHandler
                0x080011d0                DMA1_Stream2_IRQHandler
                0x080011d0                CAN1_RX0_IRQHandler
                0x080011d0                FPU_IRQHandler
                0x080011d0                OTG_HS_WKUP_IRQHandler
                0x080011d0                CAN2_SCE_IRQHandler
                0x080011d0                DMA2_Stream2_IRQHandler
                0x080011d0                SPI1_IRQHandler
                0x080011d0                TIM6_DAC_IRQHandler
                0x080011d0                TIM1_BRK_TIM9_IRQHandler
                0x080011d0                DCMI_IRQHandler
                0x080011d0                CAN2_RX0_IRQHandler
                0x080011d0                DMA2_Stream3_IRQHandler
                0x080011d0                USART6_IRQHandler
                0x080011d0                USART3_IRQHandler
                0x080011d0                CAN1_RX1_IRQHandler
                0x080011d0                DMA2_Stream0_IRQHandler
                0x080011d0                TIM4_IRQHandler
                0x080011d0                I2C1_EV_IRQHandler
                0x080011d0                DMA1_Stream6_IRQHandler
                0x080011d0                DMA1_Stream1_IRQHandler
                0x080011d0                UART4_IRQHandler
                0x080011d0                TIM3_IRQHandler
                0x080011d0                RCC_IRQHandler
                0x080011d0                TIM8_BRK_TIM12_IRQHandler
                0x080011d0                Default_Handler
                0x080011d0                EXTI15_10_IRQHandler
                0x080011d0                ADC_IRQHandler
                0x080011d0                DMA1_Stream7_IRQHandler
                0x080011d0                TIM7_IRQHandler
                0x080011d0                CAN2_TX_IRQHandler
                0x080011d0                TIM5_IRQHandler
                0x080011d0                DMA2_Stream7_IRQHandler
                0x080011d0                I2C3_EV_IRQHandler
                0x080011d0                EXTI9_5_IRQHandler
                0x080011d0                RTC_WKUP_IRQHandler
                0x080011d0                ETH_WKUP_IRQHandler
                0x080011d0                SPI2_IRQHandler
                0x080011d0                OTG_HS_EP1_IN_IRQHandler
                0x080011d0                DMA1_Stream0_IRQHandler
                0x080011d0                CAN1_TX_IRQHandler
                0x080011d0                EXTI4_IRQHandler
                0x080011d0                FSMC_IRQHandler
                0x080011d0                ETH_IRQHandler
                0x080011d0                OTG_HS_EP1_OUT_IRQHandler
                0x080011d0                WWDG_IRQHandler
                0x080011d0                TIM2_IRQHandler
                0x080011d0                OTG_FS_WKUP_IRQHandler
                0x080011d0                TIM1_TRG_COM_TIM11_IRQHandler
                0x080011d0                OTG_HS_IRQHandler
                0x080011d0                EXTI1_IRQHandler
                0x080011d0                USART2_IRQHandler
                0x080011d0                I2C2_ER_IRQHandler
                0x080011d0                DMA2_Stream1_IRQHandler
                0x080011d0                CAN1_SCE_IRQHandler
                0x080011d0                FLASH_IRQHandler
                0x080011d0                DMA2_Stream4_IRQHandler
                0x080011d0                USART1_IRQHandler
                0x080011d0                OTG_FS_IRQHandler
                0x080011d0                SPI3_IRQHandler
                0x080011d0                DMA1_Stream4_IRQHandler
                0x080011d0                I2C1_ER_IRQHandler
                0x080011d0                DMA2_Stream6_IRQHandler
                0x080011d0                DMA1_Stream3_IRQHandler
 *fill*         0x080011d2        0x2 
 .text.HAL_Init
                0x080011d4       0x44 ./Drivers/STM32F4xx_HAL_Driver/Src/stm32f4xx_hal.o
                0x080011d4                HAL_Init
 .text.HAL_InitTick
                0x08001218       0x60 ./Drivers/STM32F4xx_HAL_Driver/Src/stm32f4xx_hal.o
                0x08001218                HAL_InitTick
 .text.HAL_IncTick
                0x08001278       0x28 ./Drivers/STM32F4xx_HAL_Driver/Src/stm32f4xx_hal.o
                0x08001278                HAL_IncTick
 .text.HAL_GetTick
                0x080012a0       0x18 ./Drivers/STM32F4xx_HAL_Driver/Src/stm32f4xx_hal.o
                0x080012a0                HAL_GetTick
 .text.HAL_Delay
                0x080012b8       0x48 ./Drivers/STM32F4xx_HAL_Driver/Src/stm32f4xx_hal.o
                0x080012b8                HAL_Delay
 .text.HAL_CAN_Init
                0x08001300      0x1f6 ./Drivers/STM32F4xx_HAL_Driver/Src/stm32f4xx_hal_can.o
                0x08001300                HAL_CAN_Init
 .text.HAL_CAN_Start
                0x080014f6       0x88 ./Drivers/STM32F4xx_HAL_Driver/Src/stm32f4xx_hal_can.o
                0x080014f6                HAL_CAN_Start
 .text.HAL_CAN_AddTxMessage
                0x0800157e      0x1a0 ./Drivers/STM32F4xx_HAL_Driver/Src/stm32f4xx_hal_can.o
                0x0800157e                HAL_CAN_AddTxMessage
 *fill*         0x0800171e        0x2 
 .text.__NVIC_SetPriorityGrouping
                0x08001720       0x48 ./Drivers/STM32F4xx_HAL_Driver/Src/stm32f4xx_hal_cortex.o
 .text.__NVIC_GetPriorityGrouping
                0x08001768       0x1c ./Drivers/STM32F4xx_HAL_Driver/Src/stm32f4xx_hal_cortex.o
 .text.__NVIC_SetPriority
                0x08001784       0x54 ./Drivers/STM32F4xx_HAL_Driver/Src/stm32f4xx_hal_cortex.o
 .text.NVIC_EncodePriority
                0x080017d8       0x66 ./Drivers/STM32F4xx_HAL_Driver/Src/stm32f4xx_hal_cortex.o
 *fill*         0x0800183e        0x2 
 .text.SysTick_Config
                0x08001840       0x44 ./Drivers/STM32F4xx_HAL_Driver/Src/stm32f4xx_hal_cortex.o
 .text.HAL_NVIC_SetPriorityGrouping
                0x08001884       0x16 ./Drivers/STM32F4xx_HAL_Driver/Src/stm32f4xx_hal_cortex.o
                0x08001884                HAL_NVIC_SetPriorityGrouping
 .text.HAL_NVIC_SetPriority
                0x0800189a       0x38 ./Drivers/STM32F4xx_HAL_Driver/Src/stm32f4xx_hal_cortex.o
                0x0800189a                HAL_NVIC_SetPriority
 .text.HAL_SYSTICK_Config
                0x080018d2       0x18 ./Drivers/STM32F4xx_HAL_Driver/Src/stm32f4xx_hal_cortex.o
                0x080018d2                HAL_SYSTICK_Config
 *fill*         0x080018ea        0x2 
 .text.HAL_GPIO_Init
                0x080018ec      0x338 ./Drivers/STM32F4xx_HAL_Driver/Src/stm32f4xx_hal_gpio.o
                0x080018ec                HAL_GPIO_Init
 .text.HAL_RCC_OscConfig
                0x08001c24      0x4f0 ./Drivers/STM32F4xx_HAL_Driver/Src/stm32f4xx_hal_rcc.o
                0x08001c24                HAL_RCC_OscConfig
 .text.HAL_RCC_ClockConfig
                0x08002114      0x1cc ./Drivers/STM32F4xx_HAL_Driver/Src/stm32f4xx_hal_rcc.o
                0x08002114                HAL_RCC_ClockConfig
 .text.HAL_RCC_GetSysClockFreq
                0x080022e0      0x20c ./Drivers/STM32F4xx_HAL_Driver/Src/stm32f4xx_hal_rcc.o
                0x080022e0                HAL_RCC_GetSysClockFreq
 .text.HAL_TIM_Base_Init
                0x080024ec       0x9e ./Drivers/STM32F4xx_HAL_Driver/Src/stm32f4xx_hal_tim.o
                0x080024ec                HAL_TIM_Base_Init
 .text.HAL_TIM_PWM_Init
                0x0800258a       0x9e ./Drivers/STM32F4xx_HAL_Driver/Src/stm32f4xx_hal_tim.o
                0x0800258a                HAL_TIM_PWM_Init
 .text.HAL_TIM_PWM_MspInit
                0x08002628       0x14 ./Drivers/STM32F4xx_HAL_Driver/Src/stm32f4xx_hal_tim.o
                0x08002628                HAL_TIM_PWM_MspInit
 .text.HAL_TIM_PWM_ConfigChannel
                0x0800263c      0x184 ./Drivers/STM32F4xx_HAL_Driver/Src/stm32f4xx_hal_tim.o
                0x0800263c                HAL_TIM_PWM_ConfigChannel
 .text.HAL_TIM_ConfigClockSource
                0x080027c0      0x18e ./Drivers/STM32F4xx_HAL_Driver/Src/stm32f4xx_hal_tim.o
                0x080027c0                HAL_TIM_ConfigClockSource
 *fill*         0x0800294e        0x2 
 .text.TIM_Base_SetConfig
                0x08002950      0x14c ./Drivers/STM32F4xx_HAL_Driver/Src/stm32f4xx_hal_tim.o
                0x08002950                TIM_Base_SetConfig
 .text.TIM_OC1_SetConfig
                0x08002a9c       0xe0 ./Drivers/STM32F4xx_HAL_Driver/Src/stm32f4xx_hal_tim.o
 .text.TIM_OC2_SetConfig
                0x08002b7c       0xec ./Drivers/STM32F4xx_HAL_Driver/Src/stm32f4xx_hal_tim.o
                0x08002b7c                TIM_OC2_SetConfig
 .text.TIM_OC3_SetConfig
                0x08002c68       0xe8 ./Drivers/STM32F4xx_HAL_Driver/Src/stm32f4xx_hal_tim.o
 .text.TIM_OC4_SetConfig
                0x08002d50       0xac ./Drivers/STM32F4xx_HAL_Driver/Src/stm32f4xx_hal_tim.o
 .text.TIM_TI1_ConfigInputStage
                0x08002dfc       0x5e ./Drivers/STM32F4xx_HAL_Driver/Src/stm32f4xx_hal_tim.o
 .text.TIM_TI2_ConfigInputStage
                0x08002e5a       0x60 ./Drivers/STM32F4xx_HAL_Driver/Src/stm32f4xx_hal_tim.o
 .text.TIM_ITRx_SetConfig
                0x08002eba       0x36 ./Drivers/STM32F4xx_HAL_Driver/Src/stm32f4xx_hal_tim.o
 .text.TIM_ETR_SetConfig
                0x08002ef0       0x40 ./Drivers/STM32F4xx_HAL_Driver/Src/stm32f4xx_hal_tim.o
                0x08002ef0                TIM_ETR_SetConfig
 .text.HAL_TIMEx_MasterConfigSynchronization
                0x08002f30       0xf8 ./Drivers/STM32F4xx_HAL_Driver/Src/stm32f4xx_hal_tim_ex.o
                0x08002f30                HAL_TIMEx_MasterConfigSynchronization
 .text.LL_GPIO_SetPinMode
                0x08003028       0x7a ./Drivers/STM32F4xx_HAL_Driver/Src/stm32f4xx_ll_gpio.o
 .text.LL_GPIO_SetPinOutputType
                0x080030a2       0x30 ./Drivers/STM32F4xx_HAL_Driver/Src/stm32f4xx_ll_gpio.o
 .text.LL_GPIO_SetPinSpeed
                0x080030d2       0x7a ./Drivers/STM32F4xx_HAL_Driver/Src/stm32f4xx_ll_gpio.o
 .text.LL_GPIO_SetPinPull
                0x0800314c       0x7a ./Drivers/STM32F4xx_HAL_Driver/Src/stm32f4xx_ll_gpio.o
 .text.LL_GPIO_SetAFPin_0_7
                0x080031c6       0x7a ./Drivers/STM32F4xx_HAL_Driver/Src/stm32f4xx_ll_gpio.o
 .text.LL_GPIO_SetAFPin_8_15
                0x08003240       0x7e ./Drivers/STM32F4xx_HAL_Driver/Src/stm32f4xx_ll_gpio.o
 .text.LL_GPIO_Init
                0x080032be      0x102 ./Drivers/STM32F4xx_HAL_Driver/Src/stm32f4xx_ll_gpio.o
                0x080032be                LL_GPIO_Init
 .text.LL_RCC_GetSysClkSource
                0x080033c0       0x1c ./Drivers/STM32F4xx_HAL_Driver/Src/stm32f4xx_ll_rcc.o
 .text.LL_RCC_GetAHBPrescaler
                0x080033dc       0x1c ./Drivers/STM32F4xx_HAL_Driver/Src/stm32f4xx_ll_rcc.o
 .text.LL_RCC_GetAPB1Prescaler
                0x080033f8       0x1c ./Drivers/STM32F4xx_HAL_Driver/Src/stm32f4xx_ll_rcc.o
 .text.LL_RCC_GetAPB2Prescaler
                0x08003414       0x1c ./Drivers/STM32F4xx_HAL_Driver/Src/stm32f4xx_ll_rcc.o
 .text.LL_RCC_PLL_GetMainSource
                0x08003430       0x1c ./Drivers/STM32F4xx_HAL_Driver/Src/stm32f4xx_ll_rcc.o
 .text.LL_RCC_PLL_GetN
                0x0800344c       0x1c ./Drivers/STM32F4xx_HAL_Driver/Src/stm32f4xx_ll_rcc.o
 .text.LL_RCC_PLL_GetP
                0x08003468       0x1c ./Drivers/STM32F4xx_HAL_Driver/Src/stm32f4xx_ll_rcc.o
 .text.LL_RCC_PLL_GetDivider
                0x08003484       0x1c ./Drivers/STM32F4xx_HAL_Driver/Src/stm32f4xx_ll_rcc.o
 .text.LL_RCC_GetSystemClocksFreq
                0x080034a0       0x4a ./Drivers/STM32F4xx_HAL_Driver/Src/stm32f4xx_ll_rcc.o
                0x080034a0                LL_RCC_GetSystemClocksFreq
 *fill*         0x080034ea        0x2 
 .text.RCC_GetSystemClockFreq
                0x080034ec       0x50 ./Drivers/STM32F4xx_HAL_Driver/Src/stm32f4xx_ll_rcc.o
                0x080034ec                RCC_GetSystemClockFreq
 .text.RCC_GetHCLKClockFreq
                0x0800353c       0x2c ./Drivers/STM32F4xx_HAL_Driver/Src/stm32f4xx_ll_rcc.o
                0x0800353c                RCC_GetHCLKClockFreq
 .text.RCC_GetPCLK1ClockFreq
                0x08003568       0x28 ./Drivers/STM32F4xx_HAL_Driver/Src/stm32f4xx_ll_rcc.o
                0x08003568                RCC_GetPCLK1ClockFreq
 .text.RCC_GetPCLK2ClockFreq
                0x08003590       0x28 ./Drivers/STM32F4xx_HAL_Driver/Src/stm32f4xx_ll_rcc.o
                0x08003590                RCC_GetPCLK2ClockFreq
 .text.RCC_PLL_GetFreqDomain_SYS
                0x080035b8       0x7c ./Drivers/STM32F4xx_HAL_Driver/Src/stm32f4xx_ll_rcc.o
                0x080035b8                RCC_PLL_GetFreqDomain_SYS
 .text.LL_USART_IsEnabled
                0x08003634       0x28 ./Drivers/STM32F4xx_HAL_Driver/Src/stm32f4xx_ll_usart.o
 .text.LL_USART_SetStopBitsLength
                0x0800365c       0x26 ./Drivers/STM32F4xx_HAL_Driver/Src/stm32f4xx_ll_usart.o
 .text.LL_USART_SetHWFlowCtrl
                0x08003682       0x26 ./Drivers/STM32F4xx_HAL_Driver/Src/stm32f4xx_ll_usart.o
 .text.LL_USART_SetBaudRate
                0x080036a8      0x45c ./Drivers/STM32F4xx_HAL_Driver/Src/stm32f4xx_ll_usart.o
 .text.LL_USART_Init
                0x08003b04      0x100 ./Drivers/STM32F4xx_HAL_Driver/Src/stm32f4xx_ll_usart.o
                0x08003b04                LL_USART_Init
 .text.memset   0x08003c04       0x10 D:/ST/STM32CubeIDE_1.18.1/STM32CubeIDE/plugins/com.st.stm32cube.ide.mcu.externaltools.gnu-tools-for-stm32.13.3.rel1.win32_1.0.0.202411081344/tools/bin/../lib/gcc/arm-none-eabi/13.3.1/../../../../arm-none-eabi/lib/thumb/v7e-m+fp/hard\libc_nano.a(libc_a-memset.o)
                0x08003c04                memset
 .text.__libc_init_array
                0x08003c14       0x48 D:/ST/STM32CubeIDE_1.18.1/STM32CubeIDE/plugins/com.st.stm32cube.ide.mcu.externaltools.gnu-tools-for-stm32.13.3.rel1.win32_1.0.0.202411081344/tools/bin/../lib/gcc/arm-none-eabi/13.3.1/../../../../arm-none-eabi/lib/thumb/v7e-m+fp/hard\libc_nano.a(libc_a-init.o)
                0x08003c14                __libc_init_array
 *(.glue_7)
 .glue_7        0x08003c5c        0x0 linker stubs
 *(.glue_7t)
 .glue_7t       0x08003c5c        0x0 linker stubs
 *(.eh_frame)
 .eh_frame      0x08003c5c        0x0 D:/ST/STM32CubeIDE_1.18.1/STM32CubeIDE/plugins/com.st.stm32cube.ide.mcu.externaltools.gnu-tools-for-stm32.13.3.rel1.win32_1.0.0.202411081344/tools/bin/../lib/gcc/arm-none-eabi/13.3.1/thumb/v7e-m+fp/hard/crtbegin.o
 *(.init)
 .init          0x08003c5c        0x4 D:/ST/STM32CubeIDE_1.18.1/STM32CubeIDE/plugins/com.st.stm32cube.ide.mcu.externaltools.gnu-tools-for-stm32.13.3.rel1.win32_1.0.0.202411081344/tools/bin/../lib/gcc/arm-none-eabi/13.3.1/thumb/v7e-m+fp/hard/crti.o
                0x08003c5c                _init
 .init          0x08003c60        0x8 D:/ST/STM32CubeIDE_1.18.1/STM32CubeIDE/plugins/com.st.stm32cube.ide.mcu.externaltools.gnu-tools-for-stm32.13.3.rel1.win32_1.0.0.202411081344/tools/bin/../lib/gcc/arm-none-eabi/13.3.1/thumb/v7e-m+fp/hard/crtn.o
 *(.fini)
 .fini          0x08003c68        0x4 D:/ST/STM32CubeIDE_1.18.1/STM32CubeIDE/plugins/com.st.stm32cube.ide.mcu.externaltools.gnu-tools-for-stm32.13.3.rel1.win32_1.0.0.202411081344/tools/bin/../lib/gcc/arm-none-eabi/13.3.1/thumb/v7e-m+fp/hard/crti.o
                0x08003c68                _fini
 .fini          0x08003c6c        0x8 D:/ST/STM32CubeIDE_1.18.1/STM32CubeIDE/plugins/com.st.stm32cube.ide.mcu.externaltools.gnu-tools-for-stm32.13.3.rel1.win32_1.0.0.202411081344/tools/bin/../lib/gcc/arm-none-eabi/13.3.1/thumb/v7e-m+fp/hard/crtn.o
                0x08003c74                        . = ALIGN (0x4)
                0x08003c74                        _etext = .

.vfp11_veneer   0x08003c74        0x0
 .vfp11_veneer  0x08003c74        0x0 linker stubs

.v4_bx          0x08003c74        0x0
 .v4_bx         0x08003c74        0x0 linker stubs

.iplt           0x08003c74        0x0
 .iplt          0x08003c74        0x0 D:/ST/STM32CubeIDE_1.18.1/STM32CubeIDE/plugins/com.st.stm32cube.ide.mcu.externaltools.gnu-tools-for-stm32.13.3.rel1.win32_1.0.0.202411081344/tools/bin/../lib/gcc/arm-none-eabi/13.3.1/thumb/v7e-m+fp/hard/crtbegin.o

.rodata         0x08003c74       0x18
                0x08003c74                        . = ALIGN (0x4)
 *(.rodata)
 *(.rodata*)
 .rodata.AHBPrescTable
                0x08003c74       0x10 ./Core/Src/system_stm32f4xx.o
                0x08003c74                AHBPrescTable
 .rodata.APBPrescTable
                0x08003c84        0x8 ./Core/Src/system_stm32f4xx.o
                0x08003c84                APBPrescTable
                0x08003c8c                        . = ALIGN (0x4)

.ARM.extab      0x08003c8c        0x0
                0x08003c8c                        . = ALIGN (0x4)
 *(.ARM.extab* .gnu.linkonce.armextab.*)
                0x08003c8c                        . = ALIGN (0x4)

.ARM            0x08003c8c        0x8
                0x08003c8c                        . = ALIGN (0x4)
                0x08003c8c                        __exidx_start = .
 *(.ARM.exidx*)
 .ARM.exidx     0x08003c8c        0x8 D:/ST/STM32CubeIDE_1.18.1/STM32CubeIDE/plugins/com.st.stm32cube.ide.mcu.externaltools.gnu-tools-for-stm32.13.3.rel1.win32_1.0.0.202411081344/tools/bin/../lib/gcc/arm-none-eabi/13.3.1/thumb/v7e-m+fp/hard\libgcc.a(_udivmoddi4.o)
                0x08003c94                        __exidx_end = .
                0x08003c94                        . = ALIGN (0x4)

.preinit_array  0x08003c94        0x0
                0x08003c94                        . = ALIGN (0x4)
                0x08003c94                        PROVIDE (__preinit_array_start = .)
 *(.preinit_array*)
                0x08003c94                        PROVIDE (__preinit_array_end = .)
                0x08003c94                        . = ALIGN (0x4)

.init_array     0x08003c94        0x4
                0x08003c94                        . = ALIGN (0x4)
                0x08003c94                        PROVIDE (__init_array_start = .)
 *(SORT_BY_NAME(.init_array.*))
 *(.init_array*)
 .init_array    0x08003c94        0x4 D:/ST/STM32CubeIDE_1.18.1/STM32CubeIDE/plugins/com.st.stm32cube.ide.mcu.externaltools.gnu-tools-for-stm32.13.3.rel1.win32_1.0.0.202411081344/tools/bin/../lib/gcc/arm-none-eabi/13.3.1/thumb/v7e-m+fp/hard/crtbegin.o
                0x08003c98                        PROVIDE (__init_array_end = .)
                0x08003c98                        . = ALIGN (0x4)

.fini_array     0x08003c98        0x4
                0x08003c98                        . = ALIGN (0x4)
                [!provide]                        PROVIDE (__fini_array_start = .)
 *(SORT_BY_NAME(.fini_array.*))
 *(.fini_array*)
 .fini_array    0x08003c98        0x4 D:/ST/STM32CubeIDE_1.18.1/STM32CubeIDE/plugins/com.st.stm32cube.ide.mcu.externaltools.gnu-tools-for-stm32.13.3.rel1.win32_1.0.0.202411081344/tools/bin/../lib/gcc/arm-none-eabi/13.3.1/thumb/v7e-m+fp/hard/crtbegin.o
                [!provide]                        PROVIDE (__fini_array_end = .)
                0x08003c9c                        . = ALIGN (0x4)
                0x08003c9c                        _sidata = LOADADDR (.data)

.rel.dyn        0x08003c9c        0x0
 .rel.iplt      0x08003c9c        0x0 D:/ST/STM32CubeIDE_1.18.1/STM32CubeIDE/plugins/com.st.stm32cube.ide.mcu.externaltools.gnu-tools-for-stm32.13.3.rel1.win32_1.0.0.202411081344/tools/bin/../lib/gcc/arm-none-eabi/13.3.1/thumb/v7e-m+fp/hard/crtbegin.o

.data           0x20000000        0xc load address 0x08003c9c
                0x20000000                        . = ALIGN (0x4)
                0x20000000                        _sdata = .
 *(.data)
 *(.data*)
 .data.SystemCoreClock
                0x20000000        0x4 ./Core/Src/system_stm32f4xx.o
                0x20000000                SystemCoreClock
 .data.uwTickPrio
                0x20000004        0x4 ./Drivers/STM32F4xx_HAL_Driver/Src/stm32f4xx_hal.o
                0x20000004                uwTickPrio
 .data.uwTickFreq
                0x20000008        0x1 ./Drivers/STM32F4xx_HAL_Driver/Src/stm32f4xx_hal.o
                0x20000008                uwTickFreq
 *(.RamFunc)
 *(.RamFunc*)
                0x2000000c                        . = ALIGN (0x4)
 *fill*         0x20000009        0x3 
                0x2000000c                        _edata = .
                0x08003ca8                        _siccmram = LOADADDR (.ccmram)

.igot.plt       0x2000000c        0x0 load address 0x08003ca8
 .igot.plt      0x2000000c        0x0 D:/ST/STM32CubeIDE_1.18.1/STM32CubeIDE/plugins/com.st.stm32cube.ide.mcu.externaltools.gnu-tools-for-stm32.13.3.rel1.win32_1.0.0.202411081344/tools/bin/../lib/gcc/arm-none-eabi/13.3.1/thumb/v7e-m+fp/hard/crtbegin.o

.ccmram         0x10000000        0x0 load address 0x08003ca8
                0x10000000                        . = ALIGN (0x4)
                0x10000000                        _sccmram = .
 *(.ccmram)
 *(.ccmram*)
                0x10000000                        . = ALIGN (0x4)
                0x10000000                        _eccmram = .
                0x10000000                        . = ALIGN (0x4)

.bss            0x2000000c       0xf4
                0x2000000c                        _sbss = .
                0x2000000c                        __bss_start__ = _sbss
 *(.bss)
 .bss           0x2000000c       0x1c D:/ST/STM32CubeIDE_1.18.1/STM32CubeIDE/plugins/com.st.stm32cube.ide.mcu.externaltools.gnu-tools-for-stm32.13.3.rel1.win32_1.0.0.202411081344/tools/bin/../lib/gcc/arm-none-eabi/13.3.1/thumb/v7e-m+fp/hard/crtbegin.o
 *(.bss*)
 .bss.iBus      0x20000028       0x16 ./Core/Src/FS-iA6B.o
                0x20000028                iBus
 *fill*         0x2000003e        0x2 
 .bss.hcan1     0x20000040       0x28 ./Core/Src/can.o
                0x20000040                hcan1
 .bss.Can_Tx_Header
                0x20000068       0x18 ./Core/Src/main.o
                0x20000068                Can_Tx_Header
 .bss.TxMailBox
                0x20000080        0x4 ./Core/Src/main.o
                0x20000080                TxMailBox
 .bss.Can_Tx_Data
                0x20000084        0x8 ./Core/Src/main.o
                0x20000084                Can_Tx_Data
 .bss.uart5_rx_data
                0x2000008c        0x1 ./Core/Src/stm32f4xx_it.o
                0x2000008c                uart5_rx_data
 .bss.uart5_rx_flag
                0x2000008d        0x1 ./Core/Src/stm32f4xx_it.o
                0x2000008d                uart5_rx_flag
 *fill*         0x2000008e        0x2 
 .bss.ibus_rx_buf
                0x20000090       0x20 ./Core/Src/stm32f4xx_it.o
                0x20000090                ibus_rx_buf
 .bss.ibus_rx_cplt_flag
                0x200000b0        0x1 ./Core/Src/stm32f4xx_it.o
                0x200000b0                ibus_rx_cplt_flag
 .bss.cnt.0     0x200000b1        0x1 ./Core/Src/stm32f4xx_it.o
 *fill*         0x200000b2        0x2 
 .bss.htim4     0x200000b4       0x48 ./Core/Src/tim.o
                0x200000b4                htim4
 .bss.uwTick    0x200000fc        0x4 ./Drivers/STM32F4xx_HAL_Driver/Src/stm32f4xx_hal.o
                0x200000fc                uwTick
 *(COMMON)
                0x20000100                        . = ALIGN (0x4)
                0x20000100                        _ebss = .
                0x20000100                        __bss_end__ = _ebss

._user_heap_stack
                0x20000100      0x600
                0x20000100                        . = ALIGN (0x8)
                [!provide]                        PROVIDE (end = .)
                0x20000100                        PROVIDE (_end = .)
                0x20000300                        . = (. + _Min_Heap_Size)
 *fill*         0x20000100      0x200 
                0x20000700                        . = (. + _Min_Stack_Size)
 *fill*         0x20000300      0x400 
                0x20000700                        . = ALIGN (0x8)

/DISCARD/
 libc.a(*)
 libm.a(*)
 libgcc.a(*)

.ARM.attributes
                0x00000000       0x30
 *(.ARM.attributes)
 .ARM.attributes
                0x00000000       0x22 D:/ST/STM32CubeIDE_1.18.1/STM32CubeIDE/plugins/com.st.stm32cube.ide.mcu.externaltools.gnu-tools-for-stm32.13.3.rel1.win32_1.0.0.202411081344/tools/bin/../lib/gcc/arm-none-eabi/13.3.1/thumb/v7e-m+fp/hard/crti.o
 .ARM.attributes
                0x00000022       0x34 D:/ST/STM32CubeIDE_1.18.1/STM32CubeIDE/plugins/com.st.stm32cube.ide.mcu.externaltools.gnu-tools-for-stm32.13.3.rel1.win32_1.0.0.202411081344/tools/bin/../lib/gcc/arm-none-eabi/13.3.1/thumb/v7e-m+fp/hard/crtbegin.o
 .ARM.attributes
                0x00000056       0x34 ./Core/Src/FS-iA6B.o
 .ARM.attributes
                0x0000008a       0x34 ./Core/Src/can.o
 .ARM.attributes
                0x000000be       0x34 ./Core/Src/gpio.o
 .ARM.attributes
                0x000000f2       0x34 ./Core/Src/main.o
 .ARM.attributes
                0x00000126       0x34 ./Core/Src/stm32f4xx_hal_msp.o
 .ARM.attributes
                0x0000015a       0x34 ./Core/Src/stm32f4xx_it.o
 .ARM.attributes
                0x0000018e       0x34 ./Core/Src/system_stm32f4xx.o
 .ARM.attributes
                0x000001c2       0x34 ./Core/Src/tim.o
 .ARM.attributes
                0x000001f6       0x34 ./Core/Src/usart.o
 .ARM.attributes
                0x0000022a       0x21 ./Core/Startup/startup_stm32f407vgtx.o
 .ARM.attributes
                0x0000024b       0x34 ./Drivers/STM32F4xx_HAL_Driver/Src/stm32f4xx_hal.o
 .ARM.attributes
                0x0000027f       0x34 ./Drivers/STM32F4xx_HAL_Driver/Src/stm32f4xx_hal_can.o
 .ARM.attributes
                0x000002b3       0x34 ./Drivers/STM32F4xx_HAL_Driver/Src/stm32f4xx_hal_cortex.o
 .ARM.attributes
                0x000002e7       0x34 ./Drivers/STM32F4xx_HAL_Driver/Src/stm32f4xx_hal_gpio.o
 .ARM.attributes
                0x0000031b       0x34 ./Drivers/STM32F4xx_HAL_Driver/Src/stm32f4xx_hal_rcc.o
 .ARM.attributes
                0x0000034f       0x34 ./Drivers/STM32F4xx_HAL_Driver/Src/stm32f4xx_hal_tim.o
 .ARM.attributes
                0x00000383       0x34 ./Drivers/STM32F4xx_HAL_Driver/Src/stm32f4xx_hal_tim_ex.o
 .ARM.attributes
                0x000003b7       0x34 ./Drivers/STM32F4xx_HAL_Driver/Src/stm32f4xx_ll_gpio.o
 .ARM.attributes
                0x000003eb       0x34 ./Drivers/STM32F4xx_HAL_Driver/Src/stm32f4xx_ll_rcc.o
 .ARM.attributes
                0x0000041f       0x34 ./Drivers/STM32F4xx_HAL_Driver/Src/stm32f4xx_ll_usart.o
 .ARM.attributes
                0x00000453       0x34 D:/ST/STM32CubeIDE_1.18.1/STM32CubeIDE/plugins/com.st.stm32cube.ide.mcu.externaltools.gnu-tools-for-stm32.13.3.rel1.win32_1.0.0.202411081344/tools/bin/../lib/gcc/arm-none-eabi/13.3.1/../../../../arm-none-eabi/lib/thumb/v7e-m+fp/hard\libc_nano.a(libc_a-memset.o)
 .ARM.attributes
                0x00000487       0x34 D:/ST/STM32CubeIDE_1.18.1/STM32CubeIDE/plugins/com.st.stm32cube.ide.mcu.externaltools.gnu-tools-for-stm32.13.3.rel1.win32_1.0.0.202411081344/tools/bin/../lib/gcc/arm-none-eabi/13.3.1/../../../../arm-none-eabi/lib/thumb/v7e-m+fp/hard\libc_nano.a(libc_a-init.o)
 .ARM.attributes
                0x000004bb       0x22 D:/ST/STM32CubeIDE_1.18.1/STM32CubeIDE/plugins/com.st.stm32cube.ide.mcu.externaltools.gnu-tools-for-stm32.13.3.rel1.win32_1.0.0.202411081344/tools/bin/../lib/gcc/arm-none-eabi/13.3.1/thumb/v7e-m+fp/hard\libgcc.a(_aeabi_uldivmod.o)
 .ARM.attributes
                0x000004dd       0x34 D:/ST/STM32CubeIDE_1.18.1/STM32CubeIDE/plugins/com.st.stm32cube.ide.mcu.externaltools.gnu-tools-for-stm32.13.3.rel1.win32_1.0.0.202411081344/tools/bin/../lib/gcc/arm-none-eabi/13.3.1/thumb/v7e-m+fp/hard\libgcc.a(_udivmoddi4.o)
 .ARM.attributes
                0x00000511       0x22 D:/ST/STM32CubeIDE_1.18.1/STM32CubeIDE/plugins/com.st.stm32cube.ide.mcu.externaltools.gnu-tools-for-stm32.13.3.rel1.win32_1.0.0.202411081344/tools/bin/../lib/gcc/arm-none-eabi/13.3.1/thumb/v7e-m+fp/hard\libgcc.a(_dvmd_tls.o)
 .ARM.attributes
                0x00000533       0x22 D:/ST/STM32CubeIDE_1.18.1/STM32CubeIDE/plugins/com.st.stm32cube.ide.mcu.externaltools.gnu-tools-for-stm32.13.3.rel1.win32_1.0.0.202411081344/tools/bin/../lib/gcc/arm-none-eabi/13.3.1/thumb/v7e-m+fp/hard/crtn.o
OUTPUT(ARM_F407_Leanning.elf elf32-littlearm)
LOAD linker stubs
LOAD D:/ST/STM32CubeIDE_1.18.1/STM32CubeIDE/plugins/com.st.stm32cube.ide.mcu.externaltools.gnu-tools-for-stm32.13.3.rel1.win32_1.0.0.202411081344/tools/bin/../lib/gcc/arm-none-eabi/13.3.1/../../../../arm-none-eabi/lib/thumb/v7e-m+fp/hard\libc.a
LOAD D:/ST/STM32CubeIDE_1.18.1/STM32CubeIDE/plugins/com.st.stm32cube.ide.mcu.externaltools.gnu-tools-for-stm32.13.3.rel1.win32_1.0.0.202411081344/tools/bin/../lib/gcc/arm-none-eabi/13.3.1/../../../../arm-none-eabi/lib/thumb/v7e-m+fp/hard\libm.a
LOAD D:/ST/STM32CubeIDE_1.18.1/STM32CubeIDE/plugins/com.st.stm32cube.ide.mcu.externaltools.gnu-tools-for-stm32.13.3.rel1.win32_1.0.0.202411081344/tools/bin/../lib/gcc/arm-none-eabi/13.3.1/thumb/v7e-m+fp/hard\libgcc.a

.debug_info     0x00000000     0xd3c5
 .debug_info    0x00000000      0xd8f ./Core/Src/FS-iA6B.o
 .debug_info    0x00000d8f      0x87b ./Core/Src/can.o
 .debug_info    0x0000160a      0x2ae ./Core/Src/gpio.o
 .debug_info    0x000018b8      0xca2 ./Core/Src/main.o
 .debug_info    0x0000255a      0x2b1 ./Core/Src/stm32f4xx_hal_msp.o
 .debug_info    0x0000280b      0x2e0 ./Core/Src/stm32f4xx_it.o
 .debug_info    0x00002aeb      0x512 ./Core/Src/system_stm32f4xx.o
 .debug_info    0x00002ffd      0xc19 ./Core/Src/tim.o
 .debug_info    0x00003c16      0xc04 ./Core/Src/usart.o
 .debug_info    0x0000481a       0x30 ./Core/Startup/startup_stm32f407vgtx.o
 .debug_info    0x0000484a      0x944 ./Drivers/STM32F4xx_HAL_Driver/Src/stm32f4xx_hal.o
 .debug_info    0x0000518e      0xf49 ./Drivers/STM32F4xx_HAL_Driver/Src/stm32f4xx_hal_can.o
 .debug_info    0x000060d7      0xd8c ./Drivers/STM32F4xx_HAL_Driver/Src/stm32f4xx_hal_cortex.o
 .debug_info    0x00006e63      0x6c3 ./Drivers/STM32F4xx_HAL_Driver/Src/stm32f4xx_hal_gpio.o
 .debug_info    0x00007526      0x8c3 ./Drivers/STM32F4xx_HAL_Driver/Src/stm32f4xx_hal_rcc.o
 .debug_info    0x00007de9     0x299d ./Drivers/STM32F4xx_HAL_Driver/Src/stm32f4xx_hal_tim.o
 .debug_info    0x0000a786     0x14db ./Drivers/STM32F4xx_HAL_Driver/Src/stm32f4xx_hal_tim_ex.o
 .debug_info    0x0000bc61      0x927 ./Drivers/STM32F4xx_HAL_Driver/Src/stm32f4xx_ll_gpio.o
 .debug_info    0x0000c588      0x74b ./Drivers/STM32F4xx_HAL_Driver/Src/stm32f4xx_ll_rcc.o
 .debug_info    0x0000ccd3      0x6f2 ./Drivers/STM32F4xx_HAL_Driver/Src/stm32f4xx_ll_usart.o

.debug_abbrev   0x00000000     0x27c5
 .debug_abbrev  0x00000000      0x2a0 ./Core/Src/FS-iA6B.o
 .debug_abbrev  0x000002a0      0x206 ./Core/Src/can.o
 .debug_abbrev  0x000004a6      0x102 ./Core/Src/gpio.o
 .debug_abbrev  0x000005a8      0x32f ./Core/Src/main.o
 .debug_abbrev  0x000008d7       0xdd ./Core/Src/stm32f4xx_hal_msp.o
 .debug_abbrev  0x000009b4      0x19f ./Core/Src/stm32f4xx_it.o
 .debug_abbrev  0x00000b53      0x11a ./Core/Src/system_stm32f4xx.o
 .debug_abbrev  0x00000c6d      0x218 ./Core/Src/tim.o
 .debug_abbrev  0x00000e85      0x1f7 ./Core/Src/usart.o
 .debug_abbrev  0x0000107c       0x24 ./Core/Startup/startup_stm32f407vgtx.o
 .debug_abbrev  0x000010a0      0x214 ./Drivers/STM32F4xx_HAL_Driver/Src/stm32f4xx_hal.o
 .debug_abbrev  0x000012b4      0x258 ./Drivers/STM32F4xx_HAL_Driver/Src/stm32f4xx_hal_can.o
 .debug_abbrev  0x0000150c      0x31d ./Drivers/STM32F4xx_HAL_Driver/Src/stm32f4xx_hal_cortex.o
 .debug_abbrev  0x00001829      0x1d4 ./Drivers/STM32F4xx_HAL_Driver/Src/stm32f4xx_hal_gpio.o
 .debug_abbrev  0x000019fd      0x2b7 ./Drivers/STM32F4xx_HAL_Driver/Src/stm32f4xx_hal_rcc.o
 .debug_abbrev  0x00001cb4      0x278 ./Drivers/STM32F4xx_HAL_Driver/Src/stm32f4xx_hal_tim.o
 .debug_abbrev  0x00001f2c      0x283 ./Drivers/STM32F4xx_HAL_Driver/Src/stm32f4xx_hal_tim_ex.o
 .debug_abbrev  0x000021af      0x237 ./Drivers/STM32F4xx_HAL_Driver/Src/stm32f4xx_ll_gpio.o
 .debug_abbrev  0x000023e6      0x1ed ./Drivers/STM32F4xx_HAL_Driver/Src/stm32f4xx_ll_rcc.o
 .debug_abbrev  0x000025d3      0x1f2 ./Drivers/STM32F4xx_HAL_Driver/Src/stm32f4xx_ll_usart.o

.debug_aranges  0x00000000      0xe10
 .debug_aranges
                0x00000000       0x78 ./Core/Src/FS-iA6B.o
 .debug_aranges
                0x00000078       0x30 ./Core/Src/can.o
 .debug_aranges
                0x000000a8       0x28 ./Core/Src/gpio.o
 .debug_aranges
                0x000000d0       0x38 ./Core/Src/main.o
 .debug_aranges
                0x00000108       0x20 ./Core/Src/stm32f4xx_hal_msp.o
 .debug_aranges
                0x00000128       0x80 ./Core/Src/stm32f4xx_it.o
 .debug_aranges
                0x000001a8       0x28 ./Core/Src/system_stm32f4xx.o
 .debug_aranges
                0x000001d0       0x38 ./Core/Src/tim.o
 .debug_aranges
                0x00000208       0x60 ./Core/Src/usart.o
 .debug_aranges
                0x00000268       0x28 ./Core/Startup/startup_stm32f407vgtx.o
 .debug_aranges
                0x00000290       0xf0 ./Drivers/STM32F4xx_HAL_Driver/Src/stm32f4xx_hal.o
 .debug_aranges
                0x00000380      0x138 ./Drivers/STM32F4xx_HAL_Driver/Src/stm32f4xx_hal_can.o
 .debug_aranges
                0x000004b8      0x130 ./Drivers/STM32F4xx_HAL_Driver/Src/stm32f4xx_hal_cortex.o
 .debug_aranges
                0x000005e8       0x58 ./Drivers/STM32F4xx_HAL_Driver/Src/stm32f4xx_hal_gpio.o
 .debug_aranges
                0x00000640       0x88 ./Drivers/STM32F4xx_HAL_Driver/Src/stm32f4xx_hal_rcc.o
 .debug_aranges
                0x000006c8      0x3d0 ./Drivers/STM32F4xx_HAL_Driver/Src/stm32f4xx_hal_tim.o
 .debug_aranges
                0x00000a98      0x168 ./Drivers/STM32F4xx_HAL_Driver/Src/stm32f4xx_hal_tim_ex.o
 .debug_aranges
                0x00000c00       0x70 ./Drivers/STM32F4xx_HAL_Driver/Src/stm32f4xx_ll_gpio.o
 .debug_aranges
                0x00000c70      0x118 ./Drivers/STM32F4xx_HAL_Driver/Src/stm32f4xx_ll_rcc.o
 .debug_aranges
                0x00000d88       0x88 ./Drivers/STM32F4xx_HAL_Driver/Src/stm32f4xx_ll_usart.o

.debug_rnglists
                0x00000000      0xaa7
 .debug_rnglists
                0x00000000       0x57 ./Core/Src/FS-iA6B.o
 .debug_rnglists
                0x00000057       0x20 ./Core/Src/can.o
 .debug_rnglists
                0x00000077       0x19 ./Core/Src/gpio.o
 .debug_rnglists
                0x00000090       0x27 ./Core/Src/main.o
 .debug_rnglists
                0x000000b7       0x13 ./Core/Src/stm32f4xx_hal_msp.o
 .debug_rnglists
                0x000000ca       0x5c ./Core/Src/stm32f4xx_it.o
 .debug_rnglists
                0x00000126       0x1a ./Core/Src/system_stm32f4xx.o
 .debug_rnglists
                0x00000140       0x26 ./Core/Src/tim.o
 .debug_rnglists
                0x00000166       0x44 ./Core/Src/usart.o
 .debug_rnglists
                0x000001aa       0x19 ./Core/Startup/startup_stm32f407vgtx.o
 .debug_rnglists
                0x000001c3       0xaf ./Drivers/STM32F4xx_HAL_Driver/Src/stm32f4xx_hal.o
 .debug_rnglists
                0x00000272       0xee ./Drivers/STM32F4xx_HAL_Driver/Src/stm32f4xx_hal_can.o
 .debug_rnglists
                0x00000360       0xe0 ./Drivers/STM32F4xx_HAL_Driver/Src/stm32f4xx_hal_cortex.o
 .debug_rnglists
                0x00000440       0x3f ./Drivers/STM32F4xx_HAL_Driver/Src/stm32f4xx_hal_gpio.o
 .debug_rnglists
                0x0000047f       0x66 ./Drivers/STM32F4xx_HAL_Driver/Src/stm32f4xx_hal_rcc.o
 .debug_rnglists
                0x000004e5      0x31a ./Drivers/STM32F4xx_HAL_Driver/Src/stm32f4xx_hal_tim.o
 .debug_rnglists
                0x000007ff      0x125 ./Drivers/STM32F4xx_HAL_Driver/Src/stm32f4xx_hal_tim_ex.o
 .debug_rnglists
                0x00000924       0x51 ./Drivers/STM32F4xx_HAL_Driver/Src/stm32f4xx_ll_gpio.o
 .debug_rnglists
                0x00000975       0xce ./Drivers/STM32F4xx_HAL_Driver/Src/stm32f4xx_ll_rcc.o
 .debug_rnglists
                0x00000a43       0x64 ./Drivers/STM32F4xx_HAL_Driver/Src/stm32f4xx_ll_usart.o

.debug_macro    0x00000000    0x23314
 .debug_macro   0x00000000      0x250 ./Core/Src/FS-iA6B.o
 .debug_macro   0x00000250      0xade ./Core/Src/FS-iA6B.o
 .debug_macro   0x00000d2e      0x29b ./Core/Src/FS-iA6B.o
 .debug_macro   0x00000fc9       0x2e ./Core/Src/FS-iA6B.o
 .debug_macro   0x00000ff7       0x2f ./Core/Src/FS-iA6B.o
 .debug_macro   0x00001026       0x22 ./Core/Src/FS-iA6B.o
 .debug_macro   0x00001048       0x8e ./Core/Src/FS-iA6B.o
 .debug_macro   0x000010d6       0x51 ./Core/Src/FS-iA6B.o
 .debug_macro   0x00001127      0x103 ./Core/Src/FS-iA6B.o
 .debug_macro   0x0000122a       0x6a ./Core/Src/FS-iA6B.o
 .debug_macro   0x00001294      0x1df ./Core/Src/FS-iA6B.o
 .debug_macro   0x00001473       0x1c ./Core/Src/FS-iA6B.o
 .debug_macro   0x0000148f       0x22 ./Core/Src/FS-iA6B.o
 .debug_macro   0x000014b1       0xfb ./Core/Src/FS-iA6B.o
 .debug_macro   0x000015ac     0x1011 ./Core/Src/FS-iA6B.o
 .debug_macro   0x000025bd      0x11f ./Core/Src/FS-iA6B.o
 .debug_macro   0x000026dc    0x15ea5 ./Core/Src/FS-iA6B.o
 .debug_macro   0x00018581       0x6d ./Core/Src/FS-iA6B.o
 .debug_macro   0x000185ee     0x3693 ./Core/Src/FS-iA6B.o
 .debug_macro   0x0001bc81      0x190 ./Core/Src/FS-iA6B.o
 .debug_macro   0x0001be11       0x5c ./Core/Src/FS-iA6B.o
 .debug_macro   0x0001be6d      0x980 ./Core/Src/FS-iA6B.o
 .debug_macro   0x0001c7ed      0x9e9 ./Core/Src/FS-iA6B.o
 .debug_macro   0x0001d1d6      0x115 ./Core/Src/FS-iA6B.o
 .debug_macro   0x0001d2eb      0x13e ./Core/Src/FS-iA6B.o
 .debug_macro   0x0001d429       0xa5 ./Core/Src/FS-iA6B.o
 .debug_macro   0x0001d4ce      0x174 ./Core/Src/FS-iA6B.o
 .debug_macro   0x0001d642      0x287 ./Core/Src/FS-iA6B.o
 .debug_macro   0x0001d8c9       0x5f ./Core/Src/FS-iA6B.o
 .debug_macro   0x0001d928      0x236 ./Core/Src/FS-iA6B.o
 .debug_macro   0x0001db5e      0x40f ./Core/Src/FS-iA6B.o
 .debug_macro   0x0001df6d      0x12c ./Core/Src/FS-iA6B.o
 .debug_macro   0x0001e099      0x21e ./Core/Src/FS-iA6B.o
 .debug_macro   0x0001e2b7       0x2e ./Core/Src/FS-iA6B.o
 .debug_macro   0x0001e2e5      0x127 ./Core/Src/FS-iA6B.o
 .debug_macro   0x0001e40c       0x7e ./Core/Src/FS-iA6B.o
 .debug_macro   0x0001e48a       0x89 ./Core/Src/FS-iA6B.o
 .debug_macro   0x0001e513      0x8ed ./Core/Src/FS-iA6B.o
 .debug_macro   0x0001ee00       0x4d ./Core/Src/FS-iA6B.o
 .debug_macro   0x0001ee4d      0x12d ./Core/Src/FS-iA6B.o
 .debug_macro   0x0001ef7a      0x1bb ./Core/Src/FS-iA6B.o
 .debug_macro   0x0001f135      0x781 ./Core/Src/FS-iA6B.o
 .debug_macro   0x0001f8b6      0x20a ./Core/Src/FS-iA6B.o
 .debug_macro   0x0001fac0      0x149 ./Core/Src/FS-iA6B.o
 .debug_macro   0x0001fc09       0xe8 ./Core/Src/FS-iA6B.o
 .debug_macro   0x0001fcf1      0x1d5 ./Core/Src/FS-iA6B.o
 .debug_macro   0x0001fec6      0x1a6 ./Core/Src/FS-iA6B.o
 .debug_macro   0x0002006c       0x61 ./Core/Src/FS-iA6B.o
 .debug_macro   0x000200cd       0xaa ./Core/Src/FS-iA6B.o
 .debug_macro   0x00020177      0x1e6 ./Core/Src/FS-iA6B.o
 .debug_macro   0x0002035d      0x23c ./Core/Src/can.o
 .debug_macro   0x00020599      0x23c ./Core/Src/gpio.o
 .debug_macro   0x000207d5      0x294 ./Core/Src/main.o
 .debug_macro   0x00020a69      0x232 ./Core/Src/stm32f4xx_hal_msp.o
 .debug_macro   0x00020c9b      0x23c ./Core/Src/stm32f4xx_it.o
 .debug_macro   0x00020ed7      0x1ce ./Core/Src/system_stm32f4xx.o
 .debug_macro   0x000210a5      0x23c ./Core/Src/tim.o
 .debug_macro   0x000212e1      0x23c ./Core/Src/usart.o
 .debug_macro   0x0002151d      0x22e ./Drivers/STM32F4xx_HAL_Driver/Src/stm32f4xx_hal.o
 .debug_macro   0x0002174b      0x1dd ./Drivers/STM32F4xx_HAL_Driver/Src/stm32f4xx_hal_can.o
 .debug_macro   0x00021928      0x1ce ./Drivers/STM32F4xx_HAL_Driver/Src/stm32f4xx_hal_cortex.o
 .debug_macro   0x00021af6      0x1d4 ./Drivers/STM32F4xx_HAL_Driver/Src/stm32f4xx_hal_gpio.o
 .debug_macro   0x00021cca      0x1f2 ./Drivers/STM32F4xx_HAL_Driver/Src/stm32f4xx_hal_rcc.o
 .debug_macro   0x00021ebc      0x1cf ./Drivers/STM32F4xx_HAL_Driver/Src/stm32f4xx_hal_tim.o
 .debug_macro   0x0002208b      0x1ce ./Drivers/STM32F4xx_HAL_Driver/Src/stm32f4xx_hal_tim_ex.o
 .debug_macro   0x00022259      0x210 ./Drivers/STM32F4xx_HAL_Driver/Src/stm32f4xx_ll_gpio.o
 .debug_macro   0x00022469      0x143 ./Drivers/STM32F4xx_HAL_Driver/Src/stm32f4xx_ll_gpio.o
 .debug_macro   0x000225ac      0x1fb ./Drivers/STM32F4xx_HAL_Driver/Src/stm32f4xx_ll_rcc.o
 .debug_macro   0x000227a7      0x77b ./Drivers/STM32F4xx_HAL_Driver/Src/stm32f4xx_ll_rcc.o
 .debug_macro   0x00022f22      0x23d ./Drivers/STM32F4xx_HAL_Driver/Src/stm32f4xx_ll_usart.o
 .debug_macro   0x0002315f      0x1b5 ./Drivers/STM32F4xx_HAL_Driver/Src/stm32f4xx_ll_usart.o

.debug_line     0x00000000    0x10803
 .debug_line    0x00000000      0xaee ./Core/Src/FS-iA6B.o
 .debug_line    0x00000aee      0x89f ./Core/Src/can.o
 .debug_line    0x0000138d      0x850 ./Core/Src/gpio.o
 .debug_line    0x00001bdd      0x9d3 ./Core/Src/main.o
 .debug_line    0x000025b0      0x82d ./Core/Src/stm32f4xx_hal_msp.o
 .debug_line    0x00002ddd      0x9aa ./Core/Src/stm32f4xx_it.o
 .debug_line    0x00003787      0x7bb ./Core/Src/system_stm32f4xx.o
 .debug_line    0x00003f42      0x90a ./Core/Src/tim.o
 .debug_line    0x0000484c      0x9d2 ./Core/Src/usart.o
 .debug_line    0x0000521e       0x7a ./Core/Startup/startup_stm32f407vgtx.o
 .debug_line    0x00005298      0xa37 ./Drivers/STM32F4xx_HAL_Driver/Src/stm32f4xx_hal.o
 .debug_line    0x00005ccf     0x11f6 ./Drivers/STM32F4xx_HAL_Driver/Src/stm32f4xx_hal_can.o
 .debug_line    0x00006ec5      0xd07 ./Drivers/STM32F4xx_HAL_Driver/Src/stm32f4xx_hal_cortex.o
 .debug_line    0x00007bcc      0xb8f ./Drivers/STM32F4xx_HAL_Driver/Src/stm32f4xx_hal_gpio.o
 .debug_line    0x0000875b      0xe46 ./Drivers/STM32F4xx_HAL_Driver/Src/stm32f4xx_hal_rcc.o
 .debug_line    0x000095a1     0x37ac ./Drivers/STM32F4xx_HAL_Driver/Src/stm32f4xx_hal_tim.o
 .debug_line    0x0000cd4d     0x1997 ./Drivers/STM32F4xx_HAL_Driver/Src/stm32f4xx_hal_tim_ex.o
 .debug_line    0x0000e6e4      0xb14 ./Drivers/STM32F4xx_HAL_Driver/Src/stm32f4xx_ll_gpio.o
 .debug_line    0x0000f1f8      0xc51 ./Drivers/STM32F4xx_HAL_Driver/Src/stm32f4xx_ll_rcc.o
 .debug_line    0x0000fe49      0x9ba ./Drivers/STM32F4xx_HAL_Driver/Src/stm32f4xx_ll_usart.o

.debug_str      0x00000000    0xd2b5f
 .debug_str     0x00000000    0xd2b5f ./Core/Src/FS-iA6B.o
                              0xceaaf (size before relaxing)
 .debug_str     0x000d2b5f    0xce594 ./Core/Src/can.o
 .debug_str     0x000d2b5f    0xce24e ./Core/Src/gpio.o
 .debug_str     0x000d2b5f    0xce823 ./Core/Src/main.o
 .debug_str     0x000d2b5f    0xce22d ./Core/Src/stm32f4xx_hal_msp.o
 .debug_str     0x000d2b5f    0xce275 ./Core/Src/stm32f4xx_it.o
 .debug_str     0x000d2b5f    0xc4411 ./Core/Src/system_stm32f4xx.o
 .debug_str     0x000d2b5f    0xcea06 ./Core/Src/tim.o
 .debug_str     0x000d2b5f    0xcea1f ./Core/Src/usart.o
 .debug_str     0x000d2b5f       0x8d ./Core/Startup/startup_stm32f407vgtx.o
 .debug_str     0x000d2b5f    0xc4f95 ./Drivers/STM32F4xx_HAL_Driver/Src/stm32f4xx_hal.o
 .debug_str     0x000d2b5f    0xc4b0b ./Drivers/STM32F4xx_HAL_Driver/Src/stm32f4xx_hal_can.o
 .debug_str     0x000d2b5f    0xc4d11 ./Drivers/STM32F4xx_HAL_Driver/Src/stm32f4xx_hal_cortex.o
 .debug_str     0x000d2b5f    0xc458c ./Drivers/STM32F4xx_HAL_Driver/Src/stm32f4xx_hal_gpio.o
 .debug_str     0x000d2b5f    0xc4845 ./Drivers/STM32F4xx_HAL_Driver/Src/stm32f4xx_hal_rcc.o
 .debug_str     0x000d2b5f    0xc579b ./Drivers/STM32F4xx_HAL_Driver/Src/stm32f4xx_hal_tim.o
 .debug_str     0x000d2b5f    0xc4fa7 ./Drivers/STM32F4xx_HAL_Driver/Src/stm32f4xx_hal_tim_ex.o
 .debug_str     0x000d2b5f    0xc5e19 ./Drivers/STM32F4xx_HAL_Driver/Src/stm32f4xx_ll_gpio.o
 .debug_str     0x000d2b5f    0xc8905 ./Drivers/STM32F4xx_HAL_Driver/Src/stm32f4xx_ll_rcc.o
 .debug_str     0x000d2b5f    0xca747 ./Drivers/STM32F4xx_HAL_Driver/Src/stm32f4xx_ll_usart.o

.comment        0x00000000       0x43
 .comment       0x00000000       0x43 ./Core/Src/FS-iA6B.o
                                 0x44 (size before relaxing)
 .comment       0x00000043       0x44 ./Core/Src/can.o
 .comment       0x00000043       0x44 ./Core/Src/gpio.o
 .comment       0x00000043       0x44 ./Core/Src/main.o
 .comment       0x00000043       0x44 ./Core/Src/stm32f4xx_hal_msp.o
 .comment       0x00000043       0x44 ./Core/Src/stm32f4xx_it.o
 .comment       0x00000043       0x44 ./Core/Src/system_stm32f4xx.o
 .comment       0x00000043       0x44 ./Core/Src/tim.o
 .comment       0x00000043       0x44 ./Core/Src/usart.o
 .comment       0x00000043       0x44 ./Drivers/STM32F4xx_HAL_Driver/Src/stm32f4xx_hal.o
 .comment       0x00000043       0x44 ./Drivers/STM32F4xx_HAL_Driver/Src/stm32f4xx_hal_can.o
 .comment       0x00000043       0x44 ./Drivers/STM32F4xx_HAL_Driver/Src/stm32f4xx_hal_cortex.o
 .comment       0x00000043       0x44 ./Drivers/STM32F4xx_HAL_Driver/Src/stm32f4xx_hal_gpio.o
 .comment       0x00000043       0x44 ./Drivers/STM32F4xx_HAL_Driver/Src/stm32f4xx_hal_rcc.o
 .comment       0x00000043       0x44 ./Drivers/STM32F4xx_HAL_Driver/Src/stm32f4xx_hal_tim.o
 .comment       0x00000043       0x44 ./Drivers/STM32F4xx_HAL_Driver/Src/stm32f4xx_hal_tim_ex.o
 .comment       0x00000043       0x44 ./Drivers/STM32F4xx_HAL_Driver/Src/stm32f4xx_ll_gpio.o
 .comment       0x00000043       0x44 ./Drivers/STM32F4xx_HAL_Driver/Src/stm32f4xx_ll_rcc.o
 .comment       0x00000043       0x44 ./Drivers/STM32F4xx_HAL_Driver/Src/stm32f4xx_ll_usart.o

.debug_frame    0x00000000     0x39dc
 .debug_frame   0x00000000      0x1e4 ./Core/Src/FS-iA6B.o
 .debug_frame   0x000001e4       0x74 ./Core/Src/can.o
 .debug_frame   0x00000258       0x54 ./Core/Src/gpio.o
 .debug_frame   0x000002ac       0x94 ./Core/Src/main.o
 .debug_frame   0x00000340       0x38 ./Core/Src/stm32f4xx_hal_msp.o
 .debug_frame   0x00000378      0x198 ./Core/Src/stm32f4xx_it.o
 .debug_frame   0x00000510       0x58 ./Core/Src/system_stm32f4xx.o
 .debug_frame   0x00000568       0xa8 ./Core/Src/tim.o
 .debug_frame   0x00000610      0x16c ./Core/Src/usart.o
 .debug_frame   0x0000077c      0x374 ./Drivers/STM32F4xx_HAL_Driver/Src/stm32f4xx_hal.o
 .debug_frame   0x00000af0      0x5a0 ./Drivers/STM32F4xx_HAL_Driver/Src/stm32f4xx_hal_can.o
 .debug_frame   0x00001090      0x508 ./Drivers/STM32F4xx_HAL_Driver/Src/stm32f4xx_hal_cortex.o
 .debug_frame   0x00001598      0x14c ./Drivers/STM32F4xx_HAL_Driver/Src/stm32f4xx_hal_gpio.o
 .debug_frame   0x000016e4      0x1f4 ./Drivers/STM32F4xx_HAL_Driver/Src/stm32f4xx_hal_rcc.o
 .debug_frame   0x000018d8     0x11c0 ./Drivers/STM32F4xx_HAL_Driver/Src/stm32f4xx_hal_tim.o
 .debug_frame   0x00002a98      0x638 ./Drivers/STM32F4xx_HAL_Driver/Src/stm32f4xx_hal_tim_ex.o
 .debug_frame   0x000030d0      0x1c0 ./Drivers/STM32F4xx_HAL_Driver/Src/stm32f4xx_ll_gpio.o
 .debug_frame   0x00003290      0x460 ./Drivers/STM32F4xx_HAL_Driver/Src/stm32f4xx_ll_rcc.o
 .debug_frame   0x000036f0      0x240 ./Drivers/STM32F4xx_HAL_Driver/Src/stm32f4xx_ll_usart.o
 .debug_frame   0x00003930       0x20 D:/ST/STM32CubeIDE_1.18.1/STM32CubeIDE/plugins/com.st.stm32cube.ide.mcu.externaltools.gnu-tools-for-stm32.13.3.rel1.win32_1.0.0.202411081344/tools/bin/../lib/gcc/arm-none-eabi/13.3.1/../../../../arm-none-eabi/lib/thumb/v7e-m+fp/hard\libc_nano.a(libc_a-memset.o)
 .debug_frame   0x00003950       0x2c D:/ST/STM32CubeIDE_1.18.1/STM32CubeIDE/plugins/com.st.stm32cube.ide.mcu.externaltools.gnu-tools-for-stm32.13.3.rel1.win32_1.0.0.202411081344/tools/bin/../lib/gcc/arm-none-eabi/13.3.1/../../../../arm-none-eabi/lib/thumb/v7e-m+fp/hard\libc_nano.a(libc_a-init.o)
 .debug_frame   0x0000397c       0x2c D:/ST/STM32CubeIDE_1.18.1/STM32CubeIDE/plugins/com.st.stm32cube.ide.mcu.externaltools.gnu-tools-for-stm32.13.3.rel1.win32_1.0.0.202411081344/tools/bin/../lib/gcc/arm-none-eabi/13.3.1/thumb/v7e-m+fp/hard\libgcc.a(_aeabi_uldivmod.o)
 .debug_frame   0x000039a8       0x34 D:/ST/STM32CubeIDE_1.18.1/STM32CubeIDE/plugins/com.st.stm32cube.ide.mcu.externaltools.gnu-tools-for-stm32.13.3.rel1.win32_1.0.0.202411081344/tools/bin/../lib/gcc/arm-none-eabi/13.3.1/thumb/v7e-m+fp/hard\libgcc.a(_udivmoddi4.o)

.debug_line_str
                0x00000000       0x71
 .debug_line_str
                0x00000000       0x71 ./Core/Startup/startup_stm32f407vgtx.o
