Archive member included to satisfy reference by file (symbol)

D:/ST/STM32CubeIDE_1.19.0/STM32CubeIDE/plugins/com.st.stm32cube.ide.mcu.externaltools.gnu-tools-for-stm32.13.3.rel1.win32_1.0.0.202411081344/tools/bin/../lib/gcc/arm-none-eabi/13.3.1/../../../../arm-none-eabi/lib/thumb/v7e-m+fp/hard\libc_nano.a(libc_a-exit.o)
                              D:/ST/STM32CubeIDE_1.19.0/STM32CubeIDE/plugins/com.st.stm32cube.ide.mcu.externaltools.gnu-tools-for-stm32.13.3.rel1.win32_1.0.0.202411081344/tools/bin/../lib/gcc/arm-none-eabi/13.3.1/../../../../arm-none-eabi/lib/thumb/v7e-m+fp/hard/crt0.o (exit)
D:/ST/STM32CubeIDE_1.19.0/STM32CubeIDE/plugins/com.st.stm32cube.ide.mcu.externaltools.gnu-tools-for-stm32.13.3.rel1.win32_1.0.0.202411081344/tools/bin/../lib/gcc/arm-none-eabi/13.3.1/../../../../arm-none-eabi/lib/thumb/v7e-m+fp/hard\libc_nano.a(libc_a-findfp.o)
                              D:/ST/STM32CubeIDE_1.19.0/STM32CubeIDE/plugins/com.st.stm32cube.ide.mcu.externaltools.gnu-tools-for-stm32.13.3.rel1.win32_1.0.0.202411081344/tools/bin/../lib/gcc/arm-none-eabi/13.3.1/../../../../arm-none-eabi/lib/thumb/v7e-m+fp/hard\libc_nano.a(libc_a-exit.o) (__stdio_exit_handler)
D:/ST/STM32CubeIDE_1.19.0/STM32CubeIDE/plugins/com.st.stm32cube.ide.mcu.externaltools.gnu-tools-for-stm32.13.3.rel1.win32_1.0.0.202411081344/tools/bin/../lib/gcc/arm-none-eabi/13.3.1/../../../../arm-none-eabi/lib/thumb/v7e-m+fp/hard\libc_nano.a(libc_a-fwalk.o)
                              D:/ST/STM32CubeIDE_1.19.0/STM32CubeIDE/plugins/com.st.stm32cube.ide.mcu.externaltools.gnu-tools-for-stm32.13.3.rel1.win32_1.0.0.202411081344/tools/bin/../lib/gcc/arm-none-eabi/13.3.1/../../../../arm-none-eabi/lib/thumb/v7e-m+fp/hard\libc_nano.a(libc_a-findfp.o) (_fwalk_sglue)
D:/ST/STM32CubeIDE_1.19.0/STM32CubeIDE/plugins/com.st.stm32cube.ide.mcu.externaltools.gnu-tools-for-stm32.13.3.rel1.win32_1.0.0.202411081344/tools/bin/../lib/gcc/arm-none-eabi/13.3.1/../../../../arm-none-eabi/lib/thumb/v7e-m+fp/hard\libc_nano.a(libc_a-stdio.o)
                              D:/ST/STM32CubeIDE_1.19.0/STM32CubeIDE/plugins/com.st.stm32cube.ide.mcu.externaltools.gnu-tools-for-stm32.13.3.rel1.win32_1.0.0.202411081344/tools/bin/../lib/gcc/arm-none-eabi/13.3.1/../../../../arm-none-eabi/lib/thumb/v7e-m+fp/hard\libc_nano.a(libc_a-findfp.o) (__sread)
D:/ST/STM32CubeIDE_1.19.0/STM32CubeIDE/plugins/com.st.stm32cube.ide.mcu.externaltools.gnu-tools-for-stm32.13.3.rel1.win32_1.0.0.202411081344/tools/bin/../lib/gcc/arm-none-eabi/13.3.1/../../../../arm-none-eabi/lib/thumb/v7e-m+fp/hard\libc_nano.a(libc_a-memset.o)
                              D:/ST/STM32CubeIDE_1.19.0/STM32CubeIDE/plugins/com.st.stm32cube.ide.mcu.externaltools.gnu-tools-for-stm32.13.3.rel1.win32_1.0.0.202411081344/tools/bin/../lib/gcc/arm-none-eabi/13.3.1/../../../../arm-none-eabi/lib/thumb/v7e-m+fp/hard/crt0.o (memset)
D:/ST/STM32CubeIDE_1.19.0/STM32CubeIDE/plugins/com.st.stm32cube.ide.mcu.externaltools.gnu-tools-for-stm32.13.3.rel1.win32_1.0.0.202411081344/tools/bin/../lib/gcc/arm-none-eabi/13.3.1/../../../../arm-none-eabi/lib/thumb/v7e-m+fp/hard\libc_nano.a(libc_a-closer.o)
                              D:/ST/STM32CubeIDE_1.19.0/STM32CubeIDE/plugins/com.st.stm32cube.ide.mcu.externaltools.gnu-tools-for-stm32.13.3.rel1.win32_1.0.0.202411081344/tools/bin/../lib/gcc/arm-none-eabi/13.3.1/../../../../arm-none-eabi/lib/thumb/v7e-m+fp/hard\libc_nano.a(libc_a-stdio.o) (_close_r)
D:/ST/STM32CubeIDE_1.19.0/STM32CubeIDE/plugins/com.st.stm32cube.ide.mcu.externaltools.gnu-tools-for-stm32.13.3.rel1.win32_1.0.0.202411081344/tools/bin/../lib/gcc/arm-none-eabi/13.3.1/../../../../arm-none-eabi/lib/thumb/v7e-m+fp/hard\libc_nano.a(libc_a-reent.o)
                              D:/ST/STM32CubeIDE_1.19.0/STM32CubeIDE/plugins/com.st.stm32cube.ide.mcu.externaltools.gnu-tools-for-stm32.13.3.rel1.win32_1.0.0.202411081344/tools/bin/../lib/gcc/arm-none-eabi/13.3.1/../../../../arm-none-eabi/lib/thumb/v7e-m+fp/hard\libc_nano.a(libc_a-closer.o) (errno)
D:/ST/STM32CubeIDE_1.19.0/STM32CubeIDE/plugins/com.st.stm32cube.ide.mcu.externaltools.gnu-tools-for-stm32.13.3.rel1.win32_1.0.0.202411081344/tools/bin/../lib/gcc/arm-none-eabi/13.3.1/../../../../arm-none-eabi/lib/thumb/v7e-m+fp/hard\libc_nano.a(libc_a-impure.o)
                              D:/ST/STM32CubeIDE_1.19.0/STM32CubeIDE/plugins/com.st.stm32cube.ide.mcu.externaltools.gnu-tools-for-stm32.13.3.rel1.win32_1.0.0.202411081344/tools/bin/../lib/gcc/arm-none-eabi/13.3.1/../../../../arm-none-eabi/lib/thumb/v7e-m+fp/hard\libc_nano.a(libc_a-reent.o) (_impure_ptr)
D:/ST/STM32CubeIDE_1.19.0/STM32CubeIDE/plugins/com.st.stm32cube.ide.mcu.externaltools.gnu-tools-for-stm32.13.3.rel1.win32_1.0.0.202411081344/tools/bin/../lib/gcc/arm-none-eabi/13.3.1/../../../../arm-none-eabi/lib/thumb/v7e-m+fp/hard\libc_nano.a(libc_a-lseekr.o)
[...]
Memory Configuration

Name             Origin             Length             Attributes
CCMRAM           0x10000000         0x00010000         xrw
RAM              0x20000000         0x00020000         xrw
FLASH            0x08000000         0x00100000         xr
*default*        0x00000000         0xffffffff

Linker script and memory map

LOAD D:/ST/STM32CubeIDE_1.19.0/STM32CubeIDE/plugins/com.st.stm32cube.ide.mcu.externaltools.gnu-tools-for-stm32.13.3.rel1.win32_1.0.0.202411081344/tools/bin/../lib/gcc/arm-none-eabi/13.3.1/thumb/v7e-m+fp/hard/crti.o
LOAD D:/ST/STM32CubeIDE_1.19.0/STM32CubeIDE/plugins/com.st.stm32cube.ide.mcu.externaltools.gnu-tools-for-stm32.13.3.rel1.win32_1.0.0.202411081344/tools/bin/../lib/gcc/arm-none-eabi/13.3.1/thumb/v7e-m+fp/hard/crtbegin.o
LOAD D:/ST/STM32CubeIDE_1.19.0/STM32CubeIDE/plugins/com.st.stm32cube.ide.mcu.externaltools.gnu-tools-for-stm32.13.3.rel1.win32_1.0.0.202411081344/tools/bin/../lib/gcc/arm-none-eabi/13.3.1/../../../../arm-none-eabi/lib/thumb/v7e-m+fp/hard/crt0.o
LOAD ./Core/Src/FS-iA6B.o
LOAD ./Core/Src/can.o
LOAD ./Core/Src/gpio.o
LOAD ./Core/Src/main.o
LOAD ./Core/Src/stm32f4xx_hal_msp.o
LOAD ./Core/Src/stm32f4xx_it.o
LOAD ./Core/Src/syscalls.o
LOAD ./Core/Src/sysmem.o
LOAD ./Core/Src/system_stm32f4xx.o
LOAD ./Core/Src/usart.o
LOAD ./Core/Startup/startup_stm32f407vgtx.o
LOAD ./Drivers/STM32F4xx_HAL_Driver/Src/stm32f4xx_hal.o
LOAD ./Drivers/STM32F4xx_HAL_Driver/Src/stm32f4xx_hal_can.o
LOAD ./Drivers/STM32F4xx_HAL_Driver/Src/stm32f4xx_hal_cortex.o
LOAD ./Drivers/STM32F4xx_HAL_Driver/Src/stm32f4xx_hal_dma.o
LOAD ./Drivers/STM32F4xx_HAL_Driver/Src/stm32f4xx_hal_dma_ex.o
LOAD ./Drivers/STM32F4xx_HAL_Driver/Src/stm32f4xx_hal_exti.o
LOAD ./Drivers/STM32F4xx_HAL_Driver/Src/stm32f4xx_hal_flash.o
LOAD ./Drivers/STM32F4xx_HAL_Driver/Src/stm32f4xx_hal_flash_ex.o
LOAD ./Drivers/STM32F4xx_HAL_Driver/Src/stm32f4xx_hal_flash_ramfunc.o
LOAD ./Drivers/STM32F4xx_HAL_Driver/Src/stm32f4xx_hal_gpio.o
LOAD ./Drivers/STM32F4xx_HAL_Driver/Src/stm32f4xx_hal_pwr.o
LOAD ./Drivers/STM32F4xx_HAL_Driver/Src/stm32f4xx_hal_pwr_ex.o
LOAD ./Drivers/STM32F4xx_HAL_Driver/Src/stm32f4xx_hal_rcc.o
LOAD ./Drivers/STM32F4xx_HAL_Driver/Src/stm32f4xx_hal_rcc_ex.o
LOAD ./Drivers/STM32F4xx_HAL_Driver/Src/stm32f4xx_ll_dma.o
LOAD ./Drivers/STM32F4xx_HAL_Driver/Src/stm32f4xx_ll_exti.o
LOAD ./Drivers/STM32F4xx_HAL_Driver/Src/stm32f4xx_ll_gpio.o
LOAD ./Drivers/STM32F4xx_HAL_Driver/Src/stm32f4xx_ll_rcc.o
LOAD ./Drivers/STM32F4xx_HAL_Driver/Src/stm32f4xx_ll_usart.o
LOAD ./Drivers/STM32F4xx_HAL_Driver/Src/stm32f4xx_ll_utils.o
START GROUP
LOAD D:/ST/STM32CubeIDE_1.19.0/STM32CubeIDE/plugins/com.st.stm32cube.ide.mcu.externaltools.gnu-tools-for-stm32.13.3.rel1.win32_1.0.0.202411081344/tools/bin/../lib/gcc/arm-none-eabi/13.3.1/../../../../arm-none-eabi/lib/thumb/v7e-m+fp/hard\libc_nano.a
LOAD D:/ST/STM32CubeIDE_1.19.0/STM32CubeIDE/plugins/com.st.stm32cube.ide.mcu.externaltools.gnu-tools-for-stm32.13.3.rel1.win32_1.0.0.202411081344/tools/bin/../lib/gcc/arm-none-eabi/13.3.1/../../../../arm-none-eabi/lib/thumb/v7e-m+fp/hard\libm.a
END GROUP
START GROUP
LOAD D:/ST/STM32CubeIDE_1.19.0/STM32CubeIDE/plugins/com.st.stm32cube.ide.mcu.externaltools.gnu-tools-for-stm32.13.3.rel1.win32_1.0.0.202411081344/tools/bin/../lib/gcc/arm-none-eabi/13.3.1/thumb/v7e-m+fp/hard\libgcc.a
LOAD D:/ST/STM32CubeIDE_1.19.0/STM32CubeIDE/plugins/com.st.stm32cube.ide.mcu.externaltools.gnu-tools-for-stm32.13.3.rel1.win32_1.0.0.202411081344/tools/bin/../lib/gcc/arm-none-eabi/13.3.1/../../../../arm-none-eabi/lib/thumb/v7e-m+fp/hard\libc_nano.a
END GROUP
START GROUP
LOAD D:/ST/STM32CubeIDE_1.19.0/STM32CubeIDE/plugins/com.st.stm32cube.ide.mcu.externaltools.gnu-tools-for-stm32.13.3.rel1.win32_1.0.0.202411081344/tools/bin/../lib/gcc/arm-none-eabi/13.3.1/thumb/v7e-m+fp/hard\libgcc.a
LOAD D:/ST/STM32CubeIDE_1.19.0/STM32CubeIDE/plugins/com.st.stm32cube.ide.mcu.externaltools.gnu-tools-for-stm32.13.3.rel1.win32_1.0.0.202411081344/tools/bin/../lib/gcc/arm-none-eabi/13.3.1/../../../../arm-none-eabi/lib/thumb/v7e-m+fp/hard\libc_nano.a
LOAD D:/ST/STM32CubeIDE_1.19.0/STM32CubeIDE/plugins/com.st.stm32cube.ide.mcu.externaltools.gnu-tools-for-stm32.13.3.rel1.win32_1.0.0.202411081344/tools/bin/../lib/gcc/arm-none-eabi/13.3.1/../../../../arm-none-eabi/lib/thumb/v7e-m+fp/hard\libnosys.a
END GROUP
START GROUP
LOAD D:/ST/STM32CubeIDE_1.19.0/STM32CubeIDE/plugins/com.st.stm32cube.ide.mcu.externaltools.gnu-tools-for-stm32.13.3.rel1.win32_1.0.0.202411081344/tools/bin/../lib/gcc/arm-none-eabi/13.3.1/thumb/v7e-m+fp/hard\libgcc.a
LOAD D:/ST/STM32CubeIDE_1.19.0/STM32CubeIDE/plugins/com.st.stm32cube.ide.mcu.externaltools.gnu-tools-for-stm32.13.3.rel1.win32_1.0.0.202411081344/tools/bin/../lib/gcc/arm-none-eabi/13.3.1/../../../../arm-none-eabi/lib/thumb/v7e-m+fp/hard\libc_nano.a
LOAD D:/ST/STM32CubeIDE_1.19.0/STM32CubeIDE/plugins/com.st.stm32cube.ide.mcu.externaltools.gnu-tools-for-stm32.13.3.rel1.win32_1.0.0.202411081344/tools/bin/../lib/gcc/arm-none-eabi/13.3.1/../../../../arm-none-eabi/lib/thumb/v7e-m+fp/hard\libnosys.a
END GROUP
LOAD D:/ST/STM32CubeIDE_1.19.0/STM32CubeIDE/plugins/com.st.stm32cube.ide.mcu.externaltools.gnu-tools-for-stm32.13.3.rel1.win32_1.0.0.202411081344/tools/bin/../lib/gcc/arm-none-eabi/13.3.1/thumb/v7e-m+fp/hard/crtend.o
LOAD D:/ST/STM32CubeIDE_1.19.0/STM32CubeIDE/plugins/com.st.stm32cube.ide.mcu.externaltools.gnu-tools-for-stm32.13.3.rel1.win32_1.0.0.202411081344/tools/bin/../lib/gcc/arm-none-eabi/13.3.1/thumb/v7e-m+fp/hard/crtn.o
                0x20020000                        _estack = (ORIGIN (RAM) + LENGTH (RAM))
                0x00000200                        _Min_Heap_Size = 0x200
                0x00000400                        _Min_Stack_Size = 0x400

.isr_vector     0x08000000      0x188
                0x08000000                        . = ALIGN (0x4)
 *(.isr_vector)
 .isr_vector    0x08000000      0x188 ./Core/Startup/startup_stm32f407vgtx.o
                0x08000000                g_pfnVectors
                0x08000188                        . = ALIGN (0x4)

.text           0x08000188     0x35d4
                0x08000188                        . = ALIGN (0x4)
 *(.text)
 .text          0x08000188       0x40 D:/ST/STM32CubeIDE_1.19.0/STM32CubeIDE/plugins/com.st.stm32cube.ide.mcu.externaltools.gnu-tools-for-stm32.13.3.rel1.win32_1.0.0.202411081344/tools/bin/../lib/gcc/arm-none-eabi/13.3.1/thumb/v7e-m+fp/hard/crtbegin.o
 .text          0x080001c8       0x30 D:/ST/STM32CubeIDE_1.19.0/STM32CubeIDE/plugins/com.st.stm32cube.ide.mcu.externaltools.gnu-tools-for-stm32.13.3.rel1.win32_1.0.0.202411081344/tools/bin/../lib/gcc/arm-none-eabi/13.3.1/thumb/v7e-m+fp/hard\libgcc.a(_aeabi_uldivmod.o)
                0x080001c8                __aeabi_uldivmod
 .text          0x080001f8      0x2f8 D:/ST/STM32CubeIDE_1.19.0/STM32CubeIDE/plugins/com.st.stm32cube.ide.mcu.externaltools.gnu-tools-for-stm32.13.3.rel1.win32_1.0.0.202411081344/tools/bin/../lib/gcc/arm-none-eabi/13.3.1/thumb/v7e-m+fp/hard\libgcc.a(_udivmoddi4.o)
                0x080001f8                __udivmoddi4
 .text          0x080004f0        0x4 D:/ST/STM32CubeIDE_1.19.0/STM32CubeIDE/plugins/com.st.stm32cube.ide.mcu.externaltools.gnu-tools-for-stm32.13.3.rel1.win32_1.0.0.202411081344/tools/bin/../lib/gcc/arm-none-eabi/13.3.1/thumb/v7e-m+fp/hard\libgcc.a(_dvmd_tls.o)
                0x080004f0                __aeabi_idiv0
                0x080004f0                __aeabi_ldiv0
 *(.text*)
 .text.iBus_Check_CHKSUM
                0x080004f4       0x6a ./Core/Src/FS-iA6B.o
                0x080004f4                iBus_Check_CHKSUM
 .text.iBus_Parsing
                0x0800055e      0x120 ./Core/Src/FS-iA6B.o
                0x0800055e                iBus_Parsing
 *fill*         0x0800067e        0x2 
 .text.MX_CAN1_Init
                0x08000680      0x120 ./Core/Src/can.o
                0x08000680                MX_CAN1_Init
 .text.MX_CAN2_Init
                0x080007a0       0x6c ./Core/Src/can.o
                0x080007a0                MX_CAN2_Init
 .text.HAL_CAN_MspInit
                0x0800080c      0x15c ./Core/Src/can.o
                0x0800080c                HAL_CAN_MspInit
 .text.LL_AHB1_GRP1_EnableClock
                0x08000968       0x30 ./Core/Src/gpio.o
 .text.MX_GPIO_Init
                0x08000998       0x26 ./Core/Src/gpio.o
                0x08000998                MX_GPIO_Init
 .text.LL_USART_EnableIT_RXNE
                0x080009be       0x46 ./Core/Src/main.o
 .text.main     0x08000a04       0x6c ./Core/Src/main.o
                0x08000a04                main
 .text.SystemClock_Config
                0x08000a70       0xd4 ./Core/Src/main.o
                0x08000a70                SystemClock_Config
 .text.HAL_CAN_RxFifo0MsgPendingCallback
                0x08000b44       0x48 ./Core/Src/main.o
                0x08000b44                HAL_CAN_RxFifo0MsgPendingCallback
 .text.Error_Handler
                0x08000b8c        0xc ./Core/Src/main.o
                0x08000b8c                Error_Handler
 .text.HAL_MspInit
                0x08000b98       0x50 ./Core/Src/stm32f4xx_hal_msp.o
                0x08000b98                HAL_MspInit
 .text.LL_USART_IsActiveFlag_RXNE
                0x08000be8       0x26 ./Core/Src/stm32f4xx_it.o
 .text.LL_USART_ClearFlag_RXNE
                0x08000c0e       0x1c ./Core/Src/stm32f4xx_it.o
 .text.LL_USART_ReceiveData8
                0x08000c2a       0x1a ./Core/Src/stm32f4xx_it.o
 .text.NMI_Handler
                0x08000c44        0x8 ./Core/Src/stm32f4xx_it.o
                0x08000c44                NMI_Handler
 .text.HardFault_Handler
                0x08000c4c        0x8 ./Core/Src/stm32f4xx_it.o
                0x08000c4c                HardFault_Handler
 .text.MemManage_Handler
                0x08000c54        0x8 ./Core/Src/stm32f4xx_it.o
                0x08000c54                MemManage_Handler
 .text.BusFault_Handler
                0x08000c5c        0x8 ./Core/Src/stm32f4xx_it.o
                0x08000c5c                BusFault_Handler
 .text.UsageFault_Handler
                0x08000c64        0x8 ./Core/Src/stm32f4xx_it.o
                0x08000c64                UsageFault_Handler
 .text.SVC_Handler
                0x08000c6c        0xe ./Core/Src/stm32f4xx_it.o
                0x08000c6c                SVC_Handler
 .text.DebugMon_Handler
                0x08000c7a        0xe ./Core/Src/stm32f4xx_it.o
                0x08000c7a                DebugMon_Handler
 .text.PendSV_Handler
                0x08000c88        0xe ./Core/Src/stm32f4xx_it.o
                0x08000c88                PendSV_Handler
 .text.SysTick_Handler
                0x08000c96        0xc ./Core/Src/stm32f4xx_it.o
                0x08000c96                SysTick_Handler
 *fill*         0x08000ca2        0x2 
 .text.CAN1_RX0_IRQHandler
                0x08000ca4       0x14 ./Core/Src/stm32f4xx_it.o
                0x08000ca4                CAN1_RX0_IRQHandler
 .text.CAN1_RX1_IRQHandler
                0x08000cb8       0x14 ./Core/Src/stm32f4xx_it.o
                0x08000cb8                CAN1_RX1_IRQHandler
 .text.UART5_IRQHandler
                0x08000ccc       0xe8 ./Core/Src/stm32f4xx_it.o
                0x08000ccc                UART5_IRQHandler
 .text.SystemInit
                0x08000db4       0x24 ./Core/Src/system_stm32f4xx.o
                0x08000db4                SystemInit
 .text.__NVIC_GetPriorityGrouping
                0x08000dd8       0x1c ./Core/Src/usart.o
 .text.__NVIC_EnableIRQ
                0x08000df4       0x3c ./Core/Src/usart.o
 .text.__NVIC_SetPriority
                0x08000e30       0x54 ./Core/Src/usart.o
 .text.NVIC_EncodePriority
                0x08000e84       0x66 ./Core/Src/usart.o
 .text.LL_USART_Enable
                0x08000eea       0x20 ./Core/Src/usart.o
 .text.LL_USART_ConfigAsyncMode
                0x08000f0a       0x2c ./Core/Src/usart.o
 *fill*         0x08000f36        0x2 
 .text.LL_AHB1_GRP1_EnableClock
                0x08000f38       0x30 ./Core/Src/usart.o
 .text.LL_APB1_GRP1_EnableClock
                0x08000f68       0x30 ./Core/Src/usart.o
 .text.MX_UART5_Init
                0x08000f98       0xf0 ./Core/Src/usart.o
                0x08000f98                MX_UART5_Init
 .text.Reset_Handler
                0x08001088       0x50 ./Core/Startup/startup_stm32f407vgtx.o
                0x08001088                Reset_Handler
 .text.Default_Handler
                0x080010d8        0x2 ./Core/Startup/startup_stm32f407vgtx.o
                0x080010d8                RTC_Alarm_IRQHandler
                0x080010d8                HASH_RNG_IRQHandler
                0x080010d8                EXTI2_IRQHandler
                0x080010d8                TIM8_CC_IRQHandler
                0x080010d8                TIM1_CC_IRQHandler
                0x080010d8                DMA2_Stream5_IRQHandler
                0x080010d8                DMA1_Stream5_IRQHandler
                0x080010d8                PVD_IRQHandler
                0x080010d8                SDIO_IRQHandler
                0x080010d8                TAMP_STAMP_IRQHandler
                0x080010d8                CAN2_RX1_IRQHandler
                0x080010d8                EXTI3_IRQHandler
                0x080010d8                TIM8_TRG_COM_TIM14_IRQHandler
                0x080010d8                TIM1_UP_TIM10_IRQHandler
                0x080010d8                TIM8_UP_TIM13_IRQHandler
                0x080010d8                I2C3_ER_IRQHandler
                0x080010d8                EXTI0_IRQHandler
                0x080010d8                I2C2_EV_IRQHandler
                0x080010d8                DMA1_Stream2_IRQHandler
                0x080010d8                FPU_IRQHandler
                0x080010d8                OTG_HS_WKUP_IRQHandler
                0x080010d8                CAN2_SCE_IRQHandler
                0x080010d8                DMA2_Stream2_IRQHandler
                0x080010d8                SPI1_IRQHandler
                0x080010d8                TIM6_DAC_IRQHandler
                0x080010d8                TIM1_BRK_TIM9_IRQHandler
                0x080010d8                DCMI_IRQHandler
                0x080010d8                CAN2_RX0_IRQHandler
                0x080010d8                DMA2_Stream3_IRQHandler
                0x080010d8                USART6_IRQHandler
                0x080010d8                USART3_IRQHandler
                0x080010d8                DMA2_Stream0_IRQHandler
                0x080010d8                TIM4_IRQHandler
                0x080010d8                I2C1_EV_IRQHandler
                0x080010d8                DMA1_Stream6_IRQHandler
                0x080010d8                DMA1_Stream1_IRQHandler
                0x080010d8                UART4_IRQHandler
                0x080010d8                TIM3_IRQHandler
                0x080010d8                RCC_IRQHandler
                0x080010d8                TIM8_BRK_TIM12_IRQHandler
                0x080010d8                Default_Handler
                0x080010d8                EXTI15_10_IRQHandler
                0x080010d8                ADC_IRQHandler
                0x080010d8                DMA1_Stream7_IRQHandler
                0x080010d8                TIM7_IRQHandler
                0x080010d8                CAN2_TX_IRQHandler
                0x080010d8                TIM5_IRQHandler
                0x080010d8                DMA2_Stream7_IRQHandler
                0x080010d8                I2C3_EV_IRQHandler
                0x080010d8                EXTI9_5_IRQHandler
                0x080010d8                RTC_WKUP_IRQHandler
                0x080010d8                ETH_WKUP_IRQHandler
                0x080010d8                SPI2_IRQHandler
                0x080010d8                OTG_HS_EP1_IN_IRQHandler
                0x080010d8                DMA1_Stream0_IRQHandler
                0x080010d8                CAN1_TX_IRQHandler
                0x080010d8                EXTI4_IRQHandler
                0x080010d8                FSMC_IRQHandler
                0x080010d8                ETH_IRQHandler
                0x080010d8                OTG_HS_EP1_OUT_IRQHandler
                0x080010d8                WWDG_IRQHandler
                0x080010d8                TIM2_IRQHandler
                0x080010d8                OTG_FS_WKUP_IRQHandler
                0x080010d8                TIM1_TRG_COM_TIM11_IRQHandler
                0x080010d8                OTG_HS_IRQHandler
                0x080010d8                EXTI1_IRQHandler
                0x080010d8                USART2_IRQHandler
                0x080010d8                I2C2_ER_IRQHandler
                0x080010d8                DMA2_Stream1_IRQHandler
                0x080010d8                CAN1_SCE_IRQHandler
                0x080010d8                FLASH_IRQHandler
                0x080010d8                DMA2_Stream4_IRQHandler
                0x080010d8                USART1_IRQHandler
                0x080010d8                OTG_FS_IRQHandler
                0x080010d8                SPI3_IRQHandler
                0x080010d8                DMA1_Stream4_IRQHandler
                0x080010d8                I2C1_ER_IRQHandler
                0x080010d8                DMA2_Stream6_IRQHandler
                0x080010d8                DMA1_Stream3_IRQHandler
 *fill*         0x080010da        0x2 
 .text.HAL_Init
                0x080010dc       0x44 ./Drivers/STM32F4xx_HAL_Driver/Src/stm32f4xx_hal.o
                0x080010dc                HAL_Init
 .text.HAL_InitTick
                0x08001120       0x60 ./Drivers/STM32F4xx_HAL_Driver/Src/stm32f4xx_hal.o
                0x08001120                HAL_InitTick
 .text.HAL_IncTick
                0x08001180       0x28 ./Drivers/STM32F4xx_HAL_Driver/Src/stm32f4xx_hal.o
                0x08001180                HAL_IncTick
 .text.HAL_GetTick
                0x080011a8       0x18 ./Drivers/STM32F4xx_HAL_Driver/Src/stm32f4xx_hal.o
                0x080011a8                HAL_GetTick
 .text.HAL_CAN_Init
                0x080011c0      0x1f6 ./Drivers/STM32F4xx_HAL_Driver/Src/stm32f4xx_hal_can.o
                0x080011c0                HAL_CAN_Init
 *fill*         0x080013b6        0x2 
 .text.HAL_CAN_ConfigFilter
                0x080013b8      0x1bc ./Drivers/STM32F4xx_HAL_Driver/Src/stm32f4xx_hal_can.o
                0x080013b8                HAL_CAN_ConfigFilter
 .text.HAL_CAN_Start
                0x08001574       0x88 ./Drivers/STM32F4xx_HAL_Driver/Src/stm32f4xx_hal_can.o
                0x08001574                HAL_CAN_Start
 .text.HAL_CAN_GetRxMessage
                0x080015fc      0x244 ./Drivers/STM32F4xx_HAL_Driver/Src/stm32f4xx_hal_can.o
                0x080015fc                HAL_CAN_GetRxMessage
 .text.HAL_CAN_ActivateNotification
                0x08001840       0x4c ./Drivers/STM32F4xx_HAL_Driver/Src/stm32f4xx_hal_can.o
                0x08001840                HAL_CAN_ActivateNotification
 .text.HAL_CAN_IRQHandler
                0x0800188c      0x36e ./Drivers/STM32F4xx_HAL_Driver/Src/stm32f4xx_hal_can.o
                0x0800188c                HAL_CAN_IRQHandler
 .text.HAL_CAN_TxMailbox0CompleteCallback
                0x08001bfa       0x14 ./Drivers/STM32F4xx_HAL_Driver/Src/stm32f4xx_hal_can.o
                0x08001bfa                HAL_CAN_TxMailbox0CompleteCallback
 .text.HAL_CAN_TxMailbox1CompleteCallback
                0x08001c0e       0x14 ./Drivers/STM32F4xx_HAL_Driver/Src/stm32f4xx_hal_can.o
                0x08001c0e                HAL_CAN_TxMailbox1CompleteCallback
 .text.HAL_CAN_TxMailbox2CompleteCallback
                0x08001c22       0x14 ./Drivers/STM32F4xx_HAL_Driver/Src/stm32f4xx_hal_can.o
                0x08001c22                HAL_CAN_TxMailbox2CompleteCallback
 .text.HAL_CAN_TxMailbox0AbortCallback
                0x08001c36       0x14 ./Drivers/STM32F4xx_HAL_Driver/Src/stm32f4xx_hal_can.o
                0x08001c36                HAL_CAN_TxMailbox0AbortCallback
 .text.HAL_CAN_TxMailbox1AbortCallback
                0x08001c4a       0x14 ./Drivers/STM32F4xx_HAL_Driver/Src/stm32f4xx_hal_can.o
                0x08001c4a                HAL_CAN_TxMailbox1AbortCallback
 .text.HAL_CAN_TxMailbox2AbortCallback
                0x08001c5e       0x14 ./Drivers/STM32F4xx_HAL_Driver/Src/stm32f4xx_hal_can.o
                0x08001c5e                HAL_CAN_TxMailbox2AbortCallback
 .text.HAL_CAN_RxFifo0FullCallback
                0x08001c72       0x14 ./Drivers/STM32F4xx_HAL_Driver/Src/stm32f4xx_hal_can.o
                0x08001c72                HAL_CAN_RxFifo0FullCallback
 .text.HAL_CAN_RxFifo1MsgPendingCallback
                0x08001c86       0x14 ./Drivers/STM32F4xx_HAL_Driver/Src/stm32f4xx_hal_can.o
                0x08001c86                HAL_CAN_RxFifo1MsgPendingCallback
 .text.HAL_CAN_RxFifo1FullCallback
                0x08001c9a       0x14 ./Drivers/STM32F4xx_HAL_Driver/Src/stm32f4xx_hal_can.o
                0x08001c9a                HAL_CAN_RxFifo1FullCallback
 .text.HAL_CAN_SleepCallback
                0x08001cae       0x14 ./Drivers/STM32F4xx_HAL_Driver/Src/stm32f4xx_hal_can.o
                0x08001cae                HAL_CAN_SleepCallback
 .text.HAL_CAN_WakeUpFromRxMsgCallback
                0x08001cc2       0x14 ./Drivers/STM32F4xx_HAL_Driver/Src/stm32f4xx_hal_can.o
                0x08001cc2                HAL_CAN_WakeUpFromRxMsgCallback
 .text.HAL_CAN_ErrorCallback
                0x08001cd6       0x14 ./Drivers/STM32F4xx_HAL_Driver/Src/stm32f4xx_hal_can.o
                0x08001cd6                HAL_CAN_ErrorCallback
 *fill*         0x08001cea        0x2 
 .text.__NVIC_SetPriorityGrouping
                0x08001cec       0x48 ./Drivers/STM32F4xx_HAL_Driver/Src/stm32f4xx_hal_cortex.o
 .text.__NVIC_GetPriorityGrouping
                0x08001d34       0x1c ./Drivers/STM32F4xx_HAL_Driver/Src/stm32f4xx_hal_cortex.o
 .text.__NVIC_EnableIRQ
                0x08001d50       0x3c ./Drivers/STM32F4xx_HAL_Driver/Src/stm32f4xx_hal_cortex.o
 .text.__NVIC_SetPriority
                0x08001d8c       0x54 ./Drivers/STM32F4xx_HAL_Driver/Src/stm32f4xx_hal_cortex.o
 .text.NVIC_EncodePriority
                0x08001de0       0x66 ./Drivers/STM32F4xx_HAL_Driver/Src/stm32f4xx_hal_cortex.o
 *fill*         0x08001e46        0x2 
 .text.SysTick_Config
                0x08001e48       0x44 ./Drivers/STM32F4xx_HAL_Driver/Src/stm32f4xx_hal_cortex.o
 .text.HAL_NVIC_SetPriorityGrouping
                0x08001e8c       0x16 ./Drivers/STM32F4xx_HAL_Driver/Src/stm32f4xx_hal_cortex.o
                0x08001e8c                HAL_NVIC_SetPriorityGrouping
 .text.HAL_NVIC_SetPriority
                0x08001ea2       0x38 ./Drivers/STM32F4xx_HAL_Driver/Src/stm32f4xx_hal_cortex.o
                0x08001ea2                HAL_NVIC_SetPriority
 .text.HAL_NVIC_EnableIRQ
                0x08001eda       0x1c ./Drivers/STM32F4xx_HAL_Driver/Src/stm32f4xx_hal_cortex.o
                0x08001eda                HAL_NVIC_EnableIRQ
 .text.HAL_SYSTICK_Config
                0x08001ef6       0x18 ./Drivers/STM32F4xx_HAL_Driver/Src/stm32f4xx_hal_cortex.o
                0x08001ef6                HAL_SYSTICK_Config
 *fill*         0x08001f0e        0x2 
 .text.HAL_GPIO_Init
                0x08001f10      0x338 ./Drivers/STM32F4xx_HAL_Driver/Src/stm32f4xx_hal_gpio.o
                0x08001f10                HAL_GPIO_Init
 .text.HAL_RCC_OscConfig
                0x08002248      0x4f0 ./Drivers/STM32F4xx_HAL_Driver/Src/stm32f4xx_hal_rcc.o
                0x08002248                HAL_RCC_OscConfig
 .text.HAL_RCC_ClockConfig
                0x08002738      0x1cc ./Drivers/STM32F4xx_HAL_Driver/Src/stm32f4xx_hal_rcc.o
                0x08002738                HAL_RCC_ClockConfig
 .text.HAL_RCC_GetSysClockFreq
                0x08002904      0x20c ./Drivers/STM32F4xx_HAL_Driver/Src/stm32f4xx_hal_rcc.o
                0x08002904                HAL_RCC_GetSysClockFreq
 .text.LL_GPIO_SetPinMode
                0x08002b10       0x7a ./Drivers/STM32F4xx_HAL_Driver/Src/stm32f4xx_ll_gpio.o
 .text.LL_GPIO_SetPinOutputType
                0x08002b8a       0x30 ./Drivers/STM32F4xx_HAL_Driver/Src/stm32f4xx_ll_gpio.o
 .text.LL_GPIO_SetPinSpeed
                0x08002bba       0x7a ./Drivers/STM32F4xx_HAL_Driver/Src/stm32f4xx_ll_gpio.o
 .text.LL_GPIO_SetPinPull
                0x08002c34       0x7a ./Drivers/STM32F4xx_HAL_Driver/Src/stm32f4xx_ll_gpio.o
 .text.LL_GPIO_SetAFPin_0_7
                0x08002cae       0x7a ./Drivers/STM32F4xx_HAL_Driver/Src/stm32f4xx_ll_gpio.o
 .text.LL_GPIO_SetAFPin_8_15
                0x08002d28       0x7e ./Drivers/STM32F4xx_HAL_Driver/Src/stm32f4xx_ll_gpio.o
 .text.LL_GPIO_Init
                0x08002da6      0x102 ./Drivers/STM32F4xx_HAL_Driver/Src/stm32f4xx_ll_gpio.o
                0x08002da6                LL_GPIO_Init
 .text.LL_RCC_GetSysClkSource
                0x08002ea8       0x1c ./Drivers/STM32F4xx_HAL_Driver/Src/stm32f4xx_ll_rcc.o
 .text.LL_RCC_GetAHBPrescaler
                0x08002ec4       0x1c ./Drivers/STM32F4xx_HAL_Driver/Src/stm32f4xx_ll_rcc.o
 .text.LL_RCC_GetAPB1Prescaler
                0x08002ee0       0x1c ./Drivers/STM32F4xx_HAL_Driver/Src/stm32f4xx_ll_rcc.o
 .text.LL_RCC_GetAPB2Prescaler
                0x08002efc       0x1c ./Drivers/STM32F4xx_HAL_Driver/Src/stm32f4xx_ll_rcc.o
 .text.LL_RCC_PLL_GetMainSource
                0x08002f18       0x1c ./Drivers/STM32F4xx_HAL_Driver/Src/stm32f4xx_ll_rcc.o
 .text.LL_RCC_PLL_GetN
                0x08002f34       0x1c ./Drivers/STM32F4xx_HAL_Driver/Src/stm32f4xx_ll_rcc.o
 .text.LL_RCC_PLL_GetP
                0x08002f50       0x1c ./Drivers/STM32F4xx_HAL_Driver/Src/stm32f4xx_ll_rcc.o
 .text.LL_RCC_PLL_GetDivider
                0x08002f6c       0x1c ./Drivers/STM32F4xx_HAL_Driver/Src/stm32f4xx_ll_rcc.o
 .text.LL_RCC_GetSystemClocksFreq
                0x08002f88       0x4a ./Drivers/STM32F4xx_HAL_Driver/Src/stm32f4xx_ll_rcc.o
                0x08002f88                LL_RCC_GetSystemClocksFreq
 *fill*         0x08002fd2        0x2 
 .text.RCC_GetSystemClockFreq
                0x08002fd4       0x50 ./Drivers/STM32F4xx_HAL_Driver/Src/stm32f4xx_ll_rcc.o
                0x08002fd4                RCC_GetSystemClockFreq
 .text.RCC_GetHCLKClockFreq
                0x08003024       0x2c ./Drivers/STM32F4xx_HAL_Driver/Src/stm32f4xx_ll_rcc.o
                0x08003024                RCC_GetHCLKClockFreq
 .text.RCC_GetPCLK1ClockFreq
                0x08003050       0x28 ./Drivers/STM32F4xx_HAL_Driver/Src/stm32f4xx_ll_rcc.o
                0x08003050                RCC_GetPCLK1ClockFreq
 .text.RCC_GetPCLK2ClockFreq
                0x08003078       0x28 ./Drivers/STM32F4xx_HAL_Driver/Src/stm32f4xx_ll_rcc.o
                0x08003078                RCC_GetPCLK2ClockFreq
 .text.RCC_PLL_GetFreqDomain_SYS
                0x080030a0       0x7c ./Drivers/STM32F4xx_HAL_Driver/Src/stm32f4xx_ll_rcc.o
                0x080030a0                RCC_PLL_GetFreqDomain_SYS
 .text.LL_USART_IsEnabled
                0x0800311c       0x28 ./Drivers/STM32F4xx_HAL_Driver/Src/stm32f4xx_ll_usart.o
 .text.LL_USART_SetStopBitsLength
                0x08003144       0x26 ./Drivers/STM32F4xx_HAL_Driver/Src/stm32f4xx_ll_usart.o
 .text.LL_USART_SetHWFlowCtrl
                0x0800316a       0x26 ./Drivers/STM32F4xx_HAL_Driver/Src/stm32f4xx_ll_usart.o
 .text.LL_USART_SetBaudRate
                0x08003190      0x45c ./Drivers/STM32F4xx_HAL_Driver/Src/stm32f4xx_ll_usart.o
 .text.LL_USART_Init
                0x080035ec      0x100 ./Drivers/STM32F4xx_HAL_Driver/Src/stm32f4xx_ll_usart.o
                0x080035ec                LL_USART_Init
 .text.memset   0x080036ec       0x10 D:/ST/STM32CubeIDE_1.19.0/STM32CubeIDE/plugins/com.st.stm32cube.ide.mcu.externaltools.gnu-tools-for-stm32.13.3.rel1.win32_1.0.0.202411081344/tools/bin/../lib/gcc/arm-none-eabi/13.3.1/../../../../arm-none-eabi/lib/thumb/v7e-m+fp/hard\libc_nano.a(libc_a-memset.o)
                0x080036ec                memset
 .text.__libc_init_array
                0x080036fc       0x48 D:/ST/STM32CubeIDE_1.19.0/STM32CubeIDE/plugins/com.st.stm32cube.ide.mcu.externaltools.gnu-tools-for-stm32.13.3.rel1.win32_1.0.0.202411081344/tools/bin/../lib/gcc/arm-none-eabi/13.3.1/../../../../arm-none-eabi/lib/thumb/v7e-m+fp/hard\libc_nano.a(libc_a-init.o)
                0x080036fc                __libc_init_array
 *(.glue_7)
 .glue_7        0x08003744        0x0 linker stubs
 *(.glue_7t)
 .glue_7t       0x08003744        0x0 linker stubs
 *(.eh_frame)
 .eh_frame      0x08003744        0x0 D:/ST/STM32CubeIDE_1.19.0/STM32CubeIDE/plugins/com.st.stm32cube.ide.mcu.externaltools.gnu-tools-for-stm32.13.3.rel1.win32_1.0.0.202411081344/tools/bin/../lib/gcc/arm-none-eabi/13.3.1/thumb/v7e-m+fp/hard/crtbegin.o
 *(.init)
 .init          0x08003744        0x4 D:/ST/STM32CubeIDE_1.19.0/STM32CubeIDE/plugins/com.st.stm32cube.ide.mcu.externaltools.gnu-tools-for-stm32.13.3.rel1.win32_1.0.0.202411081344/tools/bin/../lib/gcc/arm-none-eabi/13.3.1/thumb/v7e-m+fp/hard/crti.o
                0x08003744                _init
 .init          0x08003748        0x8 D:/ST/STM32CubeIDE_1.19.0/STM32CubeIDE/plugins/com.st.stm32cube.ide.mcu.externaltools.gnu-tools-for-stm32.13.3.rel1.win32_1.0.0.202411081344/tools/bin/../lib/gcc/arm-none-eabi/13.3.1/thumb/v7e-m+fp/hard/crtn.o
 *(.fini)
 .fini          0x08003750        0x4 D:/ST/STM32CubeIDE_1.19.0/STM32CubeIDE/plugins/com.st.stm32cube.ide.mcu.externaltools.gnu-tools-for-stm32.13.3.rel1.win32_1.0.0.202411081344/tools/bin/../lib/gcc/arm-none-eabi/13.3.1/thumb/v7e-m+fp/hard/crti.o
                0x08003750                _fini
 .fini          0x08003754        0x8 D:/ST/STM32CubeIDE_1.19.0/STM32CubeIDE/plugins/com.st.stm32cube.ide.mcu.externaltools.gnu-tools-for-stm32.13.3.rel1.win32_1.0.0.202411081344/tools/bin/../lib/gcc/arm-none-eabi/13.3.1/thumb/v7e-m+fp/hard/crtn.o
                0x0800375c                        . = ALIGN (0x4)
                0x0800375c                        _etext = .

.vfp11_veneer   0x0800375c        0x0
 .vfp11_veneer  0x0800375c        0x0 linker stubs

.v4_bx          0x0800375c        0x0
 .v4_bx         0x0800375c        0x0 linker stubs

.iplt           0x0800375c        0x0
 .iplt          0x0800375c        0x0 D:/ST/STM32CubeIDE_1.19.0/STM32CubeIDE/plugins/com.st.stm32cube.ide.mcu.externaltools.gnu-tools-for-stm32.13.3.rel1.win32_1.0.0.202411081344/tools/bin/../lib/gcc/arm-none-eabi/13.3.1/thumb/v7e-m+fp/hard/crtbegin.o

.rodata         0x0800375c       0x18
                0x0800375c                        . = ALIGN (0x4)
 *(.rodata)
 *(.rodata*)
 .rodata.AHBPrescTable
                0x0800375c       0x10 ./Core/Src/system_stm32f4xx.o
                0x0800375c                AHBPrescTable
 .rodata.APBPrescTable
                0x0800376c        0x8 ./Core/Src/system_stm32f4xx.o
                0x0800376c                APBPrescTable
                0x08003774                        . = ALIGN (0x4)

.ARM.extab      0x08003774        0x0
                0x08003774                        . = ALIGN (0x4)
 *(.ARM.extab* .gnu.linkonce.armextab.*)
                0x08003774                        . = ALIGN (0x4)

.ARM            0x08003774        0x8
                0x08003774                        . = ALIGN (0x4)
                0x08003774                        __exidx_start = .
 *(.ARM.exidx*)
 .ARM.exidx     0x08003774        0x8 D:/ST/STM32CubeIDE_1.19.0/STM32CubeIDE/plugins/com.st.stm32cube.ide.mcu.externaltools.gnu-tools-for-stm32.13.3.rel1.win32_1.0.0.202411081344/tools/bin/../lib/gcc/arm-none-eabi/13.3.1/thumb/v7e-m+fp/hard\libgcc.a(_udivmoddi4.o)
                0x0800377c                        __exidx_end = .
                0x0800377c                        . = ALIGN (0x4)

.preinit_array  0x0800377c        0x0
                0x0800377c                        . = ALIGN (0x4)
                0x0800377c                        PROVIDE (__preinit_array_start = .)
 *(.preinit_array*)
                0x0800377c                        PROVIDE (__preinit_array_end = .)
                0x0800377c                        . = ALIGN (0x4)

.init_array     0x0800377c        0x4
                0x0800377c                        . = ALIGN (0x4)
                0x0800377c                        PROVIDE (__init_array_start = .)
 *(SORT_BY_NAME(.init_array.*))
 *(.init_array*)
 .init_array    0x0800377c        0x4 D:/ST/STM32CubeIDE_1.19.0/STM32CubeIDE/plugins/com.st.stm32cube.ide.mcu.externaltools.gnu-tools-for-stm32.13.3.rel1.win32_1.0.0.202411081344/tools/bin/../lib/gcc/arm-none-eabi/13.3.1/thumb/v7e-m+fp/hard/crtbegin.o
                0x08003780                        PROVIDE (__init_array_end = .)
                0x08003780                        . = ALIGN (0x4)

.fini_array     0x08003780        0x4
                0x08003780                        . = ALIGN (0x4)
                [!provide]                        PROVIDE (__fini_array_start = .)
 *(SORT_BY_NAME(.fini_array.*))
 *(.fini_array*)
 .fini_array    0x08003780        0x4 D:/ST/STM32CubeIDE_1.19.0/STM32CubeIDE/plugins/com.st.stm32cube.ide.mcu.externaltools.gnu-tools-for-stm32.13.3.rel1.win32_1.0.0.202411081344/tools/bin/../lib/gcc/arm-none-eabi/13.3.1/thumb/v7e-m+fp/hard/crtbegin.o
                [!provide]                        PROVIDE (__fini_array_end = .)
                0x08003784                        . = ALIGN (0x4)
                0x08003784                        _sidata = LOADADDR (.data)

.rel.dyn        0x08003784        0x0
 .rel.iplt      0x08003784        0x0 D:/ST/STM32CubeIDE_1.19.0/STM32CubeIDE/plugins/com.st.stm32cube.ide.mcu.externaltools.gnu-tools-for-stm32.13.3.rel1.win32_1.0.0.202411081344/tools/bin/../lib/gcc/arm-none-eabi/13.3.1/thumb/v7e-m+fp/hard/crtbegin.o

.data           0x20000000        0xc load address 0x08003784
                0x20000000                        . = ALIGN (0x4)
                0x20000000                        _sdata = .
 *(.data)
 *(.data*)
 .data.SystemCoreClock
                0x20000000        0x4 ./Core/Src/system_stm32f4xx.o
                0x20000000                SystemCoreClock
 .data.uwTickPrio
                0x20000004        0x4 ./Drivers/STM32F4xx_HAL_Driver/Src/stm32f4xx_hal.o
                0x20000004                uwTickPrio
 .data.uwTickFreq
                0x20000008        0x1 ./Drivers/STM32F4xx_HAL_Driver/Src/stm32f4xx_hal.o
                0x20000008                uwTickFreq
 *(.RamFunc)
 *(.RamFunc*)
                0x2000000c                        . = ALIGN (0x4)
 *fill*         0x20000009        0x3 
                0x2000000c                        _edata = .
                0x08003790                        _siccmram = LOADADDR (.ccmram)

.igot.plt       0x2000000c        0x0 load address 0x08003790
 .igot.plt      0x2000000c        0x0 D:/ST/STM32CubeIDE_1.19.0/STM32CubeIDE/plugins/com.st.stm32cube.ide.mcu.externaltools.gnu-tools-for-stm32.13.3.rel1.win32_1.0.0.202411081344/tools/bin/../lib/gcc/arm-none-eabi/13.3.1/thumb/v7e-m+fp/hard/crtbegin.o

.ccmram         0x10000000        0x0 load address 0x08003790
                0x10000000                        . = ALIGN (0x4)
                0x10000000                        _sccmram = .
 *(.ccmram)
 *(.ccmram*)
                0x10000000                        . = ALIGN (0x4)
                0x10000000                        _eccmram = .
                0x10000000                        . = ALIGN (0x4)

.bss            0x2000000c       0xbc
                0x2000000c                        _sbss = .
                0x2000000c                        __bss_start__ = _sbss
 *(.bss)
 .bss           0x2000000c       0x1c D:/ST/STM32CubeIDE_1.19.0/STM32CubeIDE/plugins/com.st.stm32cube.ide.mcu.externaltools.gnu-tools-for-stm32.13.3.rel1.win32_1.0.0.202411081344/tools/bin/../lib/gcc/arm-none-eabi/13.3.1/thumb/v7e-m+fp/hard/crtbegin.o
 *(.bss*)
 .bss.iBus      0x20000028       0x16 ./Core/Src/FS-iA6B.o
                0x20000028                iBus
 *fill*         0x2000003e        0x2 
 .bss.hcan1     0x20000040       0x28 ./Core/Src/can.o
                0x20000040                hcan1
 .bss.hcan2     0x20000068       0x28 ./Core/Src/can.o
                0x20000068                hcan2
 .bss.HAL_RCC_CAN1_CLK_ENABLED
                0x20000090        0x4 ./Core/Src/can.o
 .bss.data1     0x20000094        0x8 ./Core/Src/main.o
                0x20000094                data1
 .bss.uart5_rx_data
                0x2000009c        0x1 ./Core/Src/stm32f4xx_it.o
                0x2000009c                uart5_rx_data
 .bss.uart5_rx_flag
                0x2000009d        0x1 ./Core/Src/stm32f4xx_it.o
                0x2000009d                uart5_rx_flag
 *fill*         0x2000009e        0x2 
 .bss.ibus_rx_buf
                0x200000a0       0x20 ./Core/Src/stm32f4xx_it.o
                0x200000a0                ibus_rx_buf
 .bss.ibus_rx_cplt_flag
                0x200000c0        0x1 ./Core/Src/stm32f4xx_it.o
                0x200000c0                ibus_rx_cplt_flag
 .bss.cnt.0     0x200000c1        0x1 ./Core/Src/stm32f4xx_it.o
 *fill*         0x200000c2        0x2 
 .bss.uwTick    0x200000c4        0x4 ./Drivers/STM32F4xx_HAL_Driver/Src/stm32f4xx_hal.o
                0x200000c4                uwTick
 *(COMMON)
                0x200000c8                        . = ALIGN (0x4)
                0x200000c8                        _ebss = .
                0x200000c8                        __bss_end__ = _ebss

._user_heap_stack
                0x200000c8      0x600
                0x200000c8                        . = ALIGN (0x8)
                [!provide]                        PROVIDE (end = .)
                0x200000c8                        PROVIDE (_end = .)
                0x200002c8                        . = (. + _Min_Heap_Size)
 *fill*         0x200000c8      0x200 
                0x200006c8                        . = (. + _Min_Stack_Size)
 *fill*         0x200002c8      0x400 
                0x200006c8                        . = ALIGN (0x8)

/DISCARD/
 libc.a(*)
 libm.a(*)
 libgcc.a(*)

.ARM.attributes
                0x00000000       0x30
 *(.ARM.attributes)
 .ARM.attributes
                0x00000000       0x22 D:/ST/STM32CubeIDE_1.19.0/STM32CubeIDE/plugins/com.st.stm32cube.ide.mcu.externaltools.gnu-tools-for-stm32.13.3.rel1.win32_1.0.0.202411081344/tools/bin/../lib/gcc/arm-none-eabi/13.3.1/thumb/v7e-m+fp/hard/crti.o
 .ARM.attributes
                0x00000022       0x34 D:/ST/STM32CubeIDE_1.19.0/STM32CubeIDE/plugins/com.st.stm32cube.ide.mcu.externaltools.gnu-tools-for-stm32.13.3.rel1.win32_1.0.0.202411081344/tools/bin/../lib/gcc/arm-none-eabi/13.3.1/thumb/v7e-m+fp/hard/crtbegin.o
 .ARM.attributes
                0x00000056       0x34 ./Core/Src/FS-iA6B.o
 .ARM.attributes
                0x0000008a       0x34 ./Core/Src/can.o
 .ARM.attributes
                0x000000be       0x34 ./Core/Src/gpio.o
 .ARM.attributes
                0x000000f2       0x34 ./Core/Src/main.o
 .ARM.attributes
                0x00000126       0x34 ./Core/Src/stm32f4xx_hal_msp.o
 .ARM.attributes
                0x0000015a       0x34 ./Core/Src/stm32f4xx_it.o
 .ARM.attributes
                0x0000018e       0x34 ./Core/Src/system_stm32f4xx.o
 .ARM.attributes
                0x000001c2       0x34 ./Core/Src/usart.o
 .ARM.attributes
                0x000001f6       0x21 ./Core/Startup/startup_stm32f407vgtx.o
 .ARM.attributes
                0x00000217       0x34 ./Drivers/STM32F4xx_HAL_Driver/Src/stm32f4xx_hal.o
 .ARM.attributes
                0x0000024b       0x34 ./Drivers/STM32F4xx_HAL_Driver/Src/stm32f4xx_hal_can.o
 .ARM.attributes
                0x0000027f       0x34 ./Drivers/STM32F4xx_HAL_Driver/Src/stm32f4xx_hal_cortex.o
 .ARM.attributes
                0x000002b3       0x34 ./Drivers/STM32F4xx_HAL_Driver/Src/stm32f4xx_hal_gpio.o
 .ARM.attributes
                0x000002e7       0x34 ./Drivers/STM32F4xx_HAL_Driver/Src/stm32f4xx_hal_rcc.o
 .ARM.attributes
                0x0000031b       0x34 ./Drivers/STM32F4xx_HAL_Driver/Src/stm32f4xx_ll_gpio.o
 .ARM.attributes
                0x0000034f       0x34 ./Drivers/STM32F4xx_HAL_Driver/Src/stm32f4xx_ll_rcc.o
 .ARM.attributes
                0x00000383       0x34 ./Drivers/STM32F4xx_HAL_Driver/Src/stm32f4xx_ll_usart.o
 .ARM.attributes
                0x000003b7       0x34 D:/ST/STM32CubeIDE_1.19.0/STM32CubeIDE/plugins/com.st.stm32cube.ide.mcu.externaltools.gnu-tools-for-stm32.13.3.rel1.win32_1.0.0.202411081344/tools/bin/../lib/gcc/arm-none-eabi/13.3.1/../../../../arm-none-eabi/lib/thumb/v7e-m+fp/hard\libc_nano.a(libc_a-memset.o)
 .ARM.attributes
                0x000003eb       0x34 D:/ST/STM32CubeIDE_1.19.0/STM32CubeIDE/plugins/com.st.stm32cube.ide.mcu.externaltools.gnu-tools-for-stm32.13.3.rel1.win32_1.0.0.202411081344/tools/bin/../lib/gcc/arm-none-eabi/13.3.1/../../../../arm-none-eabi/lib/thumb/v7e-m+fp/hard\libc_nano.a(libc_a-init.o)
 .ARM.attributes
                0x0000041f       0x22 D:/ST/STM32CubeIDE_1.19.0/STM32CubeIDE/plugins/com.st.stm32cube.ide.mcu.externaltools.gnu-tools-for-stm32.13.3.rel1.win32_1.0.0.202411081344/tools/bin/../lib/gcc/arm-none-eabi/13.3.1/thumb/v7e-m+fp/hard\libgcc.a(_aeabi_uldivmod.o)
 .ARM.attributes
                0x00000441       0x34 D:/ST/STM32CubeIDE_1.19.0/STM32CubeIDE/plugins/com.st.stm32cube.ide.mcu.externaltools.gnu-tools-for-stm32.13.3.rel1.win32_1.0.0.202411081344/tools/bin/../lib/gcc/arm-none-eabi/13.3.1/thumb/v7e-m+fp/hard\libgcc.a(_udivmoddi4.o)
 .ARM.attributes
                0x00000475       0x22 D:/ST/STM32CubeIDE_1.19.0/STM32CubeIDE/plugins/com.st.stm32cube.ide.mcu.externaltools.gnu-tools-for-stm32.13.3.rel1.win32_1.0.0.202411081344/tools/bin/../lib/gcc/arm-none-eabi/13.3.1/thumb/v7e-m+fp/hard\libgcc.a(_dvmd_tls.o)
 .ARM.attributes
                0x00000497       0x22 D:/ST/STM32CubeIDE_1.19.0/STM32CubeIDE/plugins/com.st.stm32cube.ide.mcu.externaltools.gnu-tools-for-stm32.13.3.rel1.win32_1.0.0.202411081344/tools/bin/../lib/gcc/arm-none-eabi/13.3.1/thumb/v7e-m+fp/hard/crtn.o
OUTPUT(O1_4_F407_CAN_Feedback.elf elf32-littlearm)
LOAD linker stubs
LOAD D:/ST/STM32CubeIDE_1.19.0/STM32CubeIDE/plugins/com.st.stm32cube.ide.mcu.externaltools.gnu-tools-for-stm32.13.3.rel1.win32_1.0.0.202411081344/tools/bin/../lib/gcc/arm-none-eabi/13.3.1/../../../../arm-none-eabi/lib/thumb/v7e-m+fp/hard\libc.a
LOAD D:/ST/STM32CubeIDE_1.19.0/STM32CubeIDE/plugins/com.st.stm32cube.ide.mcu.externaltools.gnu-tools-for-stm32.13.3.rel1.win32_1.0.0.202411081344/tools/bin/../lib/gcc/arm-none-eabi/13.3.1/../../../../arm-none-eabi/lib/thumb/v7e-m+fp/hard\libm.a
LOAD D:/ST/STM32CubeIDE_1.19.0/STM32CubeIDE/plugins/com.st.stm32cube.ide.mcu.externaltools.gnu-tools-for-stm32.13.3.rel1.win32_1.0.0.202411081344/tools/bin/../lib/gcc/arm-none-eabi/13.3.1/thumb/v7e-m+fp/hard\libgcc.a

.debug_info     0x00000000     0x9103
 .debug_info    0x00000000      0xd8f ./Core/Src/FS-iA6B.o
 .debug_info    0x00000d8f      0xc40 ./Core/Src/can.o
 .debug_info    0x000019cf      0x2ae ./Core/Src/gpio.o
 .debug_info    0x00001c7d      0xcc0 ./Core/Src/main.o
 .debug_info    0x0000293d      0x2b1 ./Core/Src/stm32f4xx_hal_msp.o
 .debug_info    0x00002bee      0x6cc ./Core/Src/stm32f4xx_it.o
 .debug_info    0x000032ba      0x512 ./Core/Src/system_stm32f4xx.o
 .debug_info    0x000037cc      0xc04 ./Core/Src/usart.o
 .debug_info    0x000043d0       0x30 ./Core/Startup/startup_stm32f407vgtx.o
 .debug_info    0x00004400      0x944 ./Drivers/STM32F4xx_HAL_Driver/Src/stm32f4xx_hal.o
 .debug_info    0x00004d44      0xf49 ./Drivers/STM32F4xx_HAL_Driver/Src/stm32f4xx_hal_can.o
 .debug_info    0x00005c8d      0xd8c ./Drivers/STM32F4xx_HAL_Driver/Src/stm32f4xx_hal_cortex.o
 .debug_info    0x00006a19      0x6c3 ./Drivers/STM32F4xx_HAL_Driver/Src/stm32f4xx_hal_gpio.o
 .debug_info    0x000070dc      0x8c3 ./Drivers/STM32F4xx_HAL_Driver/Src/stm32f4xx_hal_rcc.o
 .debug_info    0x0000799f      0x927 ./Drivers/STM32F4xx_HAL_Driver/Src/stm32f4xx_ll_gpio.o
 .debug_info    0x000082c6      0x74b ./Drivers/STM32F4xx_HAL_Driver/Src/stm32f4xx_ll_rcc.o
 .debug_info    0x00008a11      0x6f2 ./Drivers/STM32F4xx_HAL_Driver/Src/stm32f4xx_ll_usart.o

.debug_abbrev   0x00000000     0x21b7
 .debug_abbrev  0x00000000      0x2a0 ./Core/Src/FS-iA6B.o
 .debug_abbrev  0x000002a0      0x244 ./Core/Src/can.o
 .debug_abbrev  0x000004e4      0x102 ./Core/Src/gpio.o
 .debug_abbrev  0x000005e6      0x33e ./Core/Src/main.o
 .debug_abbrev  0x00000924       0xdd ./Core/Src/stm32f4xx_hal_msp.o
 .debug_abbrev  0x00000a01      0x257 ./Core/Src/stm32f4xx_it.o
 .debug_abbrev  0x00000c58      0x11a ./Core/Src/system_stm32f4xx.o
 .debug_abbrev  0x00000d72      0x1f7 ./Core/Src/usart.o
 .debug_abbrev  0x00000f69       0x24 ./Core/Startup/startup_stm32f407vgtx.o
 .debug_abbrev  0x00000f8d      0x214 ./Drivers/STM32F4xx_HAL_Driver/Src/stm32f4xx_hal.o
 .debug_abbrev  0x000011a1      0x258 ./Drivers/STM32F4xx_HAL_Driver/Src/stm32f4xx_hal_can.o
 .debug_abbrev  0x000013f9      0x31d ./Drivers/STM32F4xx_HAL_Driver/Src/stm32f4xx_hal_cortex.o
 .debug_abbrev  0x00001716      0x1d4 ./Drivers/STM32F4xx_HAL_Driver/Src/stm32f4xx_hal_gpio.o
 .debug_abbrev  0x000018ea      0x2b7 ./Drivers/STM32F4xx_HAL_Driver/Src/stm32f4xx_hal_rcc.o
 .debug_abbrev  0x00001ba1      0x237 ./Drivers/STM32F4xx_HAL_Driver/Src/stm32f4xx_ll_gpio.o
 .debug_abbrev  0x00001dd8      0x1ed ./Drivers/STM32F4xx_HAL_Driver/Src/stm32f4xx_ll_rcc.o
 .debug_abbrev  0x00001fc5      0x1f2 ./Drivers/STM32F4xx_HAL_Driver/Src/stm32f4xx_ll_usart.o

.debug_aranges  0x00000000      0x8c0
 .debug_aranges
                0x00000000       0x78 ./Core/Src/FS-iA6B.o
 .debug_aranges
                0x00000078       0x38 ./Core/Src/can.o
 .debug_aranges
                0x000000b0       0x28 ./Core/Src/gpio.o
 .debug_aranges
                0x000000d8       0x40 ./Core/Src/main.o
 .debug_aranges
                0x00000118       0x20 ./Core/Src/stm32f4xx_hal_msp.o
 .debug_aranges
                0x00000138       0x90 ./Core/Src/stm32f4xx_it.o
 .debug_aranges
                0x000001c8       0x28 ./Core/Src/system_stm32f4xx.o
 .debug_aranges
                0x000001f0       0x60 ./Core/Src/usart.o
 .debug_aranges
                0x00000250       0x28 ./Core/Startup/startup_stm32f407vgtx.o
 .debug_aranges
                0x00000278       0xf0 ./Drivers/STM32F4xx_HAL_Driver/Src/stm32f4xx_hal.o
 .debug_aranges
                0x00000368      0x138 ./Drivers/STM32F4xx_HAL_Driver/Src/stm32f4xx_hal_can.o
 .debug_aranges
                0x000004a0      0x130 ./Drivers/STM32F4xx_HAL_Driver/Src/stm32f4xx_hal_cortex.o
 .debug_aranges
                0x000005d0       0x58 ./Drivers/STM32F4xx_HAL_Driver/Src/stm32f4xx_hal_gpio.o
 .debug_aranges
                0x00000628       0x88 ./Drivers/STM32F4xx_HAL_Driver/Src/stm32f4xx_hal_rcc.o
 .debug_aranges
                0x000006b0       0x70 ./Drivers/STM32F4xx_HAL_Driver/Src/stm32f4xx_ll_gpio.o
 .debug_aranges
                0x00000720      0x118 ./Drivers/STM32F4xx_HAL_Driver/Src/stm32f4xx_ll_rcc.o
 .debug_aranges
                0x00000838       0x88 ./Drivers/STM32F4xx_HAL_Driver/Src/stm32f4xx_ll_usart.o

.debug_rnglists
                0x00000000      0x65b
 .debug_rnglists
                0x00000000       0x57 ./Core/Src/FS-iA6B.o
 .debug_rnglists
                0x00000057       0x28 ./Core/Src/can.o
 .debug_rnglists
                0x0000007f       0x19 ./Core/Src/gpio.o
 .debug_rnglists
                0x00000098       0x2c ./Core/Src/main.o
 .debug_rnglists
                0x000000c4       0x13 ./Core/Src/stm32f4xx_hal_msp.o
 .debug_rnglists
                0x000000d7       0x68 ./Core/Src/stm32f4xx_it.o
 .debug_rnglists
                0x0000013f       0x1a ./Core/Src/system_stm32f4xx.o
 .debug_rnglists
                0x00000159       0x44 ./Core/Src/usart.o
 .debug_rnglists
                0x0000019d       0x19 ./Core/Startup/startup_stm32f407vgtx.o
 .debug_rnglists
                0x000001b6       0xaf ./Drivers/STM32F4xx_HAL_Driver/Src/stm32f4xx_hal.o
 .debug_rnglists
                0x00000265       0xee ./Drivers/STM32F4xx_HAL_Driver/Src/stm32f4xx_hal_can.o
 .debug_rnglists
                0x00000353       0xe0 ./Drivers/STM32F4xx_HAL_Driver/Src/stm32f4xx_hal_cortex.o
 .debug_rnglists
                0x00000433       0x3f ./Drivers/STM32F4xx_HAL_Driver/Src/stm32f4xx_hal_gpio.o
 .debug_rnglists
                0x00000472       0x66 ./Drivers/STM32F4xx_HAL_Driver/Src/stm32f4xx_hal_rcc.o
 .debug_rnglists
                0x000004d8       0x51 ./Drivers/STM32F4xx_HAL_Driver/Src/stm32f4xx_ll_gpio.o
 .debug_rnglists
                0x00000529       0xce ./Drivers/STM32F4xx_HAL_Driver/Src/stm32f4xx_ll_rcc.o
 .debug_rnglists
                0x000005f7       0x64 ./Drivers/STM32F4xx_HAL_Driver/Src/stm32f4xx_ll_usart.o

.debug_macro    0x00000000    0x22bba
 .debug_macro   0x00000000      0x23c ./Core/Src/FS-iA6B.o
 .debug_macro   0x0000023c      0xade ./Core/Src/FS-iA6B.o
 .debug_macro   0x00000d1a      0x295 ./Core/Src/FS-iA6B.o
 .debug_macro   0x00000faf       0x2e ./Core/Src/FS-iA6B.o
 .debug_macro   0x00000fdd       0x2f ./Core/Src/FS-iA6B.o
 .debug_macro   0x0000100c       0x22 ./Core/Src/FS-iA6B.o
 .debug_macro   0x0000102e       0x8e ./Core/Src/FS-iA6B.o
 .debug_macro   0x000010bc       0x51 ./Core/Src/FS-iA6B.o
 .debug_macro   0x0000110d      0x103 ./Core/Src/FS-iA6B.o
 .debug_macro   0x00001210       0x6a ./Core/Src/FS-iA6B.o
 .debug_macro   0x0000127a      0x1df ./Core/Src/FS-iA6B.o
 .debug_macro   0x00001459       0x1c ./Core/Src/FS-iA6B.o
 .debug_macro   0x00001475       0x22 ./Core/Src/FS-iA6B.o
 .debug_macro   0x00001497       0xfb ./Core/Src/FS-iA6B.o
 .debug_macro   0x00001592     0x1011 ./Core/Src/FS-iA6B.o
 .debug_macro   0x000025a3      0x11f ./Core/Src/FS-iA6B.o
 .debug_macro   0x000026c2    0x15ea5 ./Core/Src/FS-iA6B.o
 .debug_macro   0x00018567       0x6d ./Core/Src/FS-iA6B.o
 .debug_macro   0x000185d4     0x3693 ./Core/Src/FS-iA6B.o
 .debug_macro   0x0001bc67      0x190 ./Core/Src/FS-iA6B.o
 .debug_macro   0x0001bdf7       0x5c ./Core/Src/FS-iA6B.o
 .debug_macro   0x0001be53      0x980 ./Core/Src/FS-iA6B.o
 .debug_macro   0x0001c7d3      0x9e9 ./Core/Src/FS-iA6B.o
 .debug_macro   0x0001d1bc      0x115 ./Core/Src/FS-iA6B.o
 .debug_macro   0x0001d2d1      0x13e ./Core/Src/FS-iA6B.o
 .debug_macro   0x0001d40f       0xa5 ./Core/Src/FS-iA6B.o
 .debug_macro   0x0001d4b4      0x174 ./Core/Src/FS-iA6B.o
 .debug_macro   0x0001d628      0x287 ./Core/Src/FS-iA6B.o
 .debug_macro   0x0001d8af       0x5f ./Core/Src/FS-iA6B.o
 .debug_macro   0x0001d90e      0x236 ./Core/Src/FS-iA6B.o
 .debug_macro   0x0001db44      0x40f ./Core/Src/FS-iA6B.o
 .debug_macro   0x0001df53      0x12c ./Core/Src/FS-iA6B.o
 .debug_macro   0x0001e07f      0x21e ./Core/Src/FS-iA6B.o
 .debug_macro   0x0001e29d       0x2e ./Core/Src/FS-iA6B.o
 .debug_macro   0x0001e2cb      0x127 ./Core/Src/FS-iA6B.o
 .debug_macro   0x0001e3f2       0x7e ./Core/Src/FS-iA6B.o
 .debug_macro   0x0001e470       0x89 ./Core/Src/FS-iA6B.o
 .debug_macro   0x0001e4f9      0x12d ./Core/Src/FS-iA6B.o
 .debug_macro   0x0001e626      0x1bb ./Core/Src/FS-iA6B.o
 .debug_macro   0x0001e7e1      0x781 ./Core/Src/FS-iA6B.o
 .debug_macro   0x0001ef62      0x20a ./Core/Src/FS-iA6B.o
 .debug_macro   0x0001f16c      0x149 ./Core/Src/FS-iA6B.o
 .debug_macro   0x0001f2b5       0xe8 ./Core/Src/FS-iA6B.o
 .debug_macro   0x0001f39d      0x1d5 ./Core/Src/FS-iA6B.o
 .debug_macro   0x0001f572      0x1a6 ./Core/Src/FS-iA6B.o
 .debug_macro   0x0001f718       0x61 ./Core/Src/FS-iA6B.o
 .debug_macro   0x0001f779       0xaa ./Core/Src/FS-iA6B.o
 .debug_macro   0x0001f823      0x1e6 ./Core/Src/FS-iA6B.o
 .debug_macro   0x0001fa09      0x22d ./Core/Src/can.o
 .debug_macro   0x0001fc36       0x4c ./Core/Src/can.o
 .debug_macro   0x0001fc82      0x228 ./Core/Src/gpio.o
 .debug_macro   0x0001feaa      0x325 ./Core/Src/main.o
 .debug_macro   0x000201cf       0x61 ./Core/Src/main.o
 .debug_macro   0x00020230       0x2a ./Core/Src/main.o
 .debug_macro   0x0002025a       0x43 ./Core/Src/main.o
 .debug_macro   0x0002029d       0x34 ./Core/Src/main.o
 .debug_macro   0x000202d1      0x370 ./Core/Src/main.o
 .debug_macro   0x00020641       0x16 ./Core/Src/main.o
 .debug_macro   0x00020657       0x4a ./Core/Src/main.o
 .debug_macro   0x000206a1       0x34 ./Core/Src/main.o
 .debug_macro   0x000206d5       0x10 ./Core/Src/main.o
 .debug_macro   0x000206e5       0x58 ./Core/Src/main.o
 .debug_macro   0x0002073d       0x8e ./Core/Src/main.o
 .debug_macro   0x000207cb       0x1c ./Core/Src/main.o
 .debug_macro   0x000207e7      0x185 ./Core/Src/main.o
 .debug_macro   0x0002096c       0x10 ./Core/Src/main.o
 .debug_macro   0x0002097c       0x3c ./Core/Src/main.o
 .debug_macro   0x000209b8       0x20 ./Core/Src/main.o
 .debug_macro   0x000209d8      0x21e ./Core/Src/stm32f4xx_hal_msp.o
 .debug_macro   0x00020bf6      0x228 ./Core/Src/stm32f4xx_it.o
 .debug_macro   0x00020e1e      0x1ba ./Core/Src/system_stm32f4xx.o
 .debug_macro   0x00020fd8      0x228 ./Core/Src/usart.o
 .debug_macro   0x00021200      0x21a ./Drivers/STM32F4xx_HAL_Driver/Src/stm32f4xx_hal.o
 .debug_macro   0x0002141a      0x1c9 ./Drivers/STM32F4xx_HAL_Driver/Src/stm32f4xx_hal_can.o
 .debug_macro   0x000215e3      0x1ba ./Drivers/STM32F4xx_HAL_Driver/Src/stm32f4xx_hal_cortex.o
 .debug_macro   0x0002179d      0x1c0 ./Drivers/STM32F4xx_HAL_Driver/Src/stm32f4xx_hal_gpio.o
 .debug_macro   0x0002195d      0x1de ./Drivers/STM32F4xx_HAL_Driver/Src/stm32f4xx_hal_rcc.o
 .debug_macro   0x00021b3b      0x1fc ./Drivers/STM32F4xx_HAL_Driver/Src/stm32f4xx_ll_gpio.o
 .debug_macro   0x00021d37      0x143 ./Drivers/STM32F4xx_HAL_Driver/Src/stm32f4xx_ll_gpio.o
 .debug_macro   0x00021e7a      0x1e7 ./Drivers/STM32F4xx_HAL_Driver/Src/stm32f4xx_ll_rcc.o
 .debug_macro   0x00022061      0x77b ./Drivers/STM32F4xx_HAL_Driver/Src/stm32f4xx_ll_rcc.o
 .debug_macro   0x000227dc      0x229 ./Drivers/STM32F4xx_HAL_Driver/Src/stm32f4xx_ll_usart.o
 .debug_macro   0x00022a05      0x1b5 ./Drivers/STM32F4xx_HAL_Driver/Src/stm32f4xx_ll_usart.o

.debug_line     0x00000000     0xacc6
 .debug_line    0x00000000      0xabd ./Core/Src/FS-iA6B.o
 .debug_line    0x00000abd      0x974 ./Core/Src/can.o
 .debug_line    0x00001431      0x81f ./Core/Src/gpio.o
 .debug_line    0x00001c50      0xa8c ./Core/Src/main.o
 .debug_line    0x000026dc      0x7fc ./Core/Src/stm32f4xx_hal_msp.o
 .debug_line    0x00002ed8      0x9a9 ./Core/Src/stm32f4xx_it.o
 .debug_line    0x00003881      0x78a ./Core/Src/system_stm32f4xx.o
 .debug_line    0x0000400b      0x9a1 ./Core/Src/usart.o
 .debug_line    0x000049ac       0x7a ./Core/Startup/startup_stm32f407vgtx.o
 .debug_line    0x00004a26      0xa06 ./Drivers/STM32F4xx_HAL_Driver/Src/stm32f4xx_hal.o
 .debug_line    0x0000542c     0x11c5 ./Drivers/STM32F4xx_HAL_Driver/Src/stm32f4xx_hal_can.o
 .debug_line    0x000065f1      0xcd6 ./Drivers/STM32F4xx_HAL_Driver/Src/stm32f4xx_hal_cortex.o
 .debug_line    0x000072c7      0xb5e ./Drivers/STM32F4xx_HAL_Driver/Src/stm32f4xx_hal_gpio.o
 .debug_line    0x00007e25      0xe15 ./Drivers/STM32F4xx_HAL_Driver/Src/stm32f4xx_hal_rcc.o
 .debug_line    0x00008c3a      0xae3 ./Drivers/STM32F4xx_HAL_Driver/Src/stm32f4xx_ll_gpio.o
 .debug_line    0x0000971d      0xc20 ./Drivers/STM32F4xx_HAL_Driver/Src/stm32f4xx_ll_rcc.o
 .debug_line    0x0000a33d      0x989 ./Drivers/STM32F4xx_HAL_Driver/Src/stm32f4xx_ll_usart.o

.debug_str      0x00000000    0xcd4a8
 .debug_str     0x00000000    0xcd4a8 ./Core/Src/FS-iA6B.o
                              0xc79a3 (size before relaxing)
 .debug_str     0x000cd4a8    0xc7b8c ./Core/Src/can.o
 .debug_str     0x000cd4a8    0xc7142 ./Core/Src/gpio.o
 .debug_str     0x000cd4a8    0xca9c3 ./Core/Src/main.o
 .debug_str     0x000cd4a8    0xc7121 ./Core/Src/stm32f4xx_hal_msp.o
 .debug_str     0x000cd4a8    0xc7430 ./Core/Src/stm32f4xx_it.o
 .debug_str     0x000cd4a8    0xbd305 ./Core/Src/system_stm32f4xx.o
 .debug_str     0x000cd4a8    0xc7913 ./Core/Src/usart.o
 .debug_str     0x000cd4a8       0x91 ./Core/Startup/startup_stm32f407vgtx.o
 .debug_str     0x000cd4a8    0xbde89 ./Drivers/STM32F4xx_HAL_Driver/Src/stm32f4xx_hal.o
 .debug_str     0x000cd4a8    0xbd9ff ./Drivers/STM32F4xx_HAL_Driver/Src/stm32f4xx_hal_can.o
 .debug_str     0x000cd4a8    0xbdc05 ./Drivers/STM32F4xx_HAL_Driver/Src/stm32f4xx_hal_cortex.o
 .debug_str     0x000cd4a8    0xbd480 ./Drivers/STM32F4xx_HAL_Driver/Src/stm32f4xx_hal_gpio.o
 .debug_str     0x000cd4a8    0xbd739 ./Drivers/STM32F4xx_HAL_Driver/Src/stm32f4xx_hal_rcc.o
 .debug_str     0x000cd4a8    0xbed0d ./Drivers/STM32F4xx_HAL_Driver/Src/stm32f4xx_ll_gpio.o
 .debug_str     0x000cd4a8    0xc17f9 ./Drivers/STM32F4xx_HAL_Driver/Src/stm32f4xx_ll_rcc.o
 .debug_str     0x000cd4a8    0xc363b ./Drivers/STM32F4xx_HAL_Driver/Src/stm32f4xx_ll_usart.o

.comment        0x00000000       0x43
 .comment       0x00000000       0x43 ./Core/Src/FS-iA6B.o
                                 0x44 (size before relaxing)
 .comment       0x00000043       0x44 ./Core/Src/can.o
 .comment       0x00000043       0x44 ./Core/Src/gpio.o
 .comment       0x00000043       0x44 ./Core/Src/main.o
 .comment       0x00000043       0x44 ./Core/Src/stm32f4xx_hal_msp.o
 .comment       0x00000043       0x44 ./Core/Src/stm32f4xx_it.o
 .comment       0x00000043       0x44 ./Core/Src/system_stm32f4xx.o
 .comment       0x00000043       0x44 ./Core/Src/usart.o
 .comment       0x00000043       0x44 ./Drivers/STM32F4xx_HAL_Driver/Src/stm32f4xx_hal.o
 .comment       0x00000043       0x44 ./Drivers/STM32F4xx_HAL_Driver/Src/stm32f4xx_hal_can.o
 .comment       0x00000043       0x44 ./Drivers/STM32F4xx_HAL_Driver/Src/stm32f4xx_hal_cortex.o
 .comment       0x00000043       0x44 ./Drivers/STM32F4xx_HAL_Driver/Src/stm32f4xx_hal_gpio.o
 .comment       0x00000043       0x44 ./Drivers/STM32F4xx_HAL_Driver/Src/stm32f4xx_hal_rcc.o
 .comment       0x00000043       0x44 ./Drivers/STM32F4xx_HAL_Driver/Src/stm32f4xx_ll_gpio.o
 .comment       0x00000043       0x44 ./Drivers/STM32F4xx_HAL_Driver/Src/stm32f4xx_ll_rcc.o
 .comment       0x00000043       0x44 ./Drivers/STM32F4xx_HAL_Driver/Src/stm32f4xx_ll_usart.o

.debug_frame    0x00000000     0x21b8
 .debug_frame   0x00000000      0x1e4 ./Core/Src/FS-iA6B.o
 .debug_frame   0x000001e4       0x98 ./Core/Src/can.o
 .debug_frame   0x0000027c       0x54 ./Core/Src/gpio.o
 .debug_frame   0x000002d0       0xb4 ./Core/Src/main.o
 .debug_frame   0x00000384       0x38 ./Core/Src/stm32f4xx_hal_msp.o
 .debug_frame   0x000003bc      0x1d0 ./Core/Src/stm32f4xx_it.o
 .debug_frame   0x0000058c       0x58 ./Core/Src/system_stm32f4xx.o
 .debug_frame   0x000005e4      0x16c ./Core/Src/usart.o
 .debug_frame   0x00000750      0x374 ./Drivers/STM32F4xx_HAL_Driver/Src/stm32f4xx_hal.o
 .debug_frame   0x00000ac4      0x5a0 ./Drivers/STM32F4xx_HAL_Driver/Src/stm32f4xx_hal_can.o
 .debug_frame   0x00001064      0x508 ./Drivers/STM32F4xx_HAL_Driver/Src/stm32f4xx_hal_cortex.o
 .debug_frame   0x0000156c      0x14c ./Drivers/STM32F4xx_HAL_Driver/Src/stm32f4xx_hal_gpio.o
 .debug_frame   0x000016b8      0x1f4 ./Drivers/STM32F4xx_HAL_Driver/Src/stm32f4xx_hal_rcc.o
 .debug_frame   0x000018ac      0x1c0 ./Drivers/STM32F4xx_HAL_Driver/Src/stm32f4xx_ll_gpio.o
 .debug_frame   0x00001a6c      0x460 ./Drivers/STM32F4xx_HAL_Driver/Src/stm32f4xx_ll_rcc.o
 .debug_frame   0x00001ecc      0x240 ./Drivers/STM32F4xx_HAL_Driver/Src/stm32f4xx_ll_usart.o
 .debug_frame   0x0000210c       0x20 D:/ST/STM32CubeIDE_1.19.0/STM32CubeIDE/plugins/com.st.stm32cube.ide.mcu.externaltools.gnu-tools-for-stm32.13.3.rel1.win32_1.0.0.202411081344/tools/bin/../lib/gcc/arm-none-eabi/13.3.1/../../../../arm-none-eabi/lib/thumb/v7e-m+fp/hard\libc_nano.a(libc_a-memset.o)
 .debug_frame   0x0000212c       0x2c D:/ST/STM32CubeIDE_1.19.0/STM32CubeIDE/plugins/com.st.stm32cube.ide.mcu.externaltools.gnu-tools-for-stm32.13.3.rel1.win32_1.0.0.202411081344/tools/bin/../lib/gcc/arm-none-eabi/13.3.1/../../../../arm-none-eabi/lib/thumb/v7e-m+fp/hard\libc_nano.a(libc_a-init.o)
 .debug_frame   0x00002158       0x2c D:/ST/STM32CubeIDE_1.19.0/STM32CubeIDE/plugins/com.st.stm32cube.ide.mcu.externaltools.gnu-tools-for-stm32.13.3.rel1.win32_1.0.0.202411081344/tools/bin/../lib/gcc/arm-none-eabi/13.3.1/thumb/v7e-m+fp/hard\libgcc.a(_aeabi_uldivmod.o)
 .debug_frame   0x00002184       0x34 D:/ST/STM32CubeIDE_1.19.0/STM32CubeIDE/plugins/com.st.stm32cube.ide.mcu.externaltools.gnu-tools-for-stm32.13.3.rel1.win32_1.0.0.202411081344/tools/bin/../lib/gcc/arm-none-eabi/13.3.1/thumb/v7e-m+fp/hard\libgcc.a(_udivmoddi4.o)

.debug_line_str
                0x00000000       0x75
 .debug_line_str
                0x00000000       0x75 ./Core/Startup/startup_stm32f407vgtx.o
