17:08:50 **** Incremental Build of configuration Debug for project O1_F407_TestCAN_Nav ****
make -j4 all 
arm-none-eabi-gcc "../Core/Src/main.c" -mcpu=cortex-m4 -std=gnu11 -g3 -DDEBUG -DUSE_FULL_LL_DRIVER -DUSE_HAL_DRIVER -DSTM32F407xx -c -I../Core/Inc -I../Drivers/STM32F4xx_HAL_Driver/Inc -I../Drivers/STM32F4xx_HAL_Driver/Inc/Legacy -I../Drivers/CMSIS/Device/ST/STM32F4xx/Include -I../Drivers/CMSIS/Include -O0 -ffunction-sections -fdata-sections -Wall -fstack-usage -fcyclomatic-complexity -MMD -MP -MF"Core/Src/main.d" -MT"Core/Src/main.o" --specs=nano.specs -mfpu=fpv4-sp-d16 -mfloat-abi=hard -mthumb -o "Core/Src/main.o"
arm-none-eabi-gcc -o "O1_F407_TestCAN_Nav.elf" @"objects.list"   -mcpu=cortex-m4 -T"C:\Users\NguyenDung\OneDrive\Documents\STM32_O1\O1_F407_TestCAN_Nav\STM32F407VGTX_FLASH.ld" --specs=nosys.specs -Wl,-Map="O1_F407_TestCAN_Nav.map" -Wl,--gc-sections -static --specs=nano.specs -mfpu=fpv4-sp-d16 -mfloat-abi=hard -mthumb -Wl,--start-group -lc -lm -Wl,--end-group
Finished building target: O1_F407_TestCAN_Nav.elf
 
arm-none-eabi-size  O1_F407_TestCAN_Nav.elf 
arm-none-eabi-objdump -h -S O1_F407_TestCAN_Nav.elf  > "O1_F407_TestCAN_Nav.list"
   text	   data	    bss	    dec	    hex	filename
  16216	     28	   1756	  18000	   4650	O1_F407_TestCAN_Nav.elf
Finished building: default.size.stdout
 
Finished building: O1_F407_TestCAN_Nav.list
 
