20:22:50 **** Incremental Build of configuration Debug for project O1_2_F407_CAN_Velocity ****
make -j4 all 
arm-none-eabi-gcc "../Core/Src/main.c" -mcpu=cortex-m4 -std=gnu11 -g3 -DDEBUG -DUSE_FULL_LL_DRIVER -DUSE_HAL_DRIVER -DSTM32F407xx -c -I../Core/Inc -I../Drivers/STM32F4xx_HAL_Driver/Inc -I../Drivers/STM32F4xx_HAL_Driver/Inc/Legacy -I../Drivers/CMSIS/Device/ST/STM32F4xx/Include -I../Drivers/CMSIS/Include -O0 -ffunction-sections -fdata-sections -Wall -fstack-usage -fcyclomatic-complexity -MMD -MP -MF"Core/Src/main.d" -MT"Core/Src/main.o" --specs=nano.specs -mfpu=fpv4-sp-d16 -mfloat-abi=hard -mthumb -o "Core/Src/main.o"
arm-none-eabi-gcc -o "O1_2_F407_CAN_Velocity.elf" @"objects.list"   -mcpu=cortex-m4 -T"C:\Users\NguyenDung\OneDrive\Documents\STM32_O1\O1_2_F407_CAN_Velocity\STM32F407VGTX_FLASH.ld" --specs=nosys.specs -Wl,-Map="O1_2_F407_CAN_Velocity.map" -Wl,--gc-sections -static --specs=nano.specs -mfpu=fpv4-sp-d16 -mfloat-abi=hard -mthumb -Wl,--start-group -lc -lm -Wl,--end-group
Finished building target: O1_2_F407_CAN_Velocity.elf
 
arm-none-eabi-size  O1_2_F407_CAN_Velocity.elf 
arm-none-eabi-objdump -h -S O1_2_F407_CAN_Velocity.elf  > "O1_2_F407_CAN_Velocity.list"
   text	   data	    bss	    dec	    hex	filename
  13768	     12	   1708	  15488	   3c80	O1_2_F407_CAN_Velocity.elf
Finished building: default.size.stdout
 
Finished building: O1_2_F407_CAN_Velocity.list
 

20:22:52 Build Finished. 0 errors, 0 warnings. (took 1s.336ms)

